Archive member included to satisfy reference by file (symbol)

../HelloWorlds_bsp/\libhal_bsp.a(alt_getchar.o)
                              obj/default/hello_world_small.o (alt_getchar)
../HelloWorlds_bsp/\libhal_bsp.a(alt_load.o)
                              ../HelloWorlds_bsp//obj/HAL/src/crt0.o (alt_load)
../HelloWorlds_bsp/\libhal_bsp.a(alt_main.o)
                              ../HelloWorlds_bsp//obj/HAL/src/crt0.o (alt_main)
../HelloWorlds_bsp/\libhal_bsp.a(alt_putstr.o)
                              obj/default/hello_world_small.o (alt_putstr)
../HelloWorlds_bsp/\libhal_bsp.a(alt_sys_init.o)
                              ../HelloWorlds_bsp/\libhal_bsp.a(alt_main.o) (alt_irq_init)
../HelloWorlds_bsp/\libhal_bsp.a(altera_avalon_jtag_uart_read.o)
                              ../HelloWorlds_bsp/\libhal_bsp.a(alt_getchar.o) (altera_avalon_jtag_uart_read)
../HelloWorlds_bsp/\libhal_bsp.a(altera_avalon_jtag_uart_write.o)
                              ../HelloWorlds_bsp/\libhal_bsp.a(alt_putstr.o) (altera_avalon_jtag_uart_write)
../HelloWorlds_bsp/\libhal_bsp.a(alt_dcache_flush_all.o)
                              ../HelloWorlds_bsp/\libhal_bsp.a(alt_load.o) (alt_dcache_flush_all)
../HelloWorlds_bsp/\libhal_bsp.a(alt_dev.o)
                              ../HelloWorlds_bsp/\libhal_bsp.a(alt_getchar.o) (alt_fd_list)
../HelloWorlds_bsp/\libhal_bsp.a(alt_icache_flush_all.o)
                              ../HelloWorlds_bsp/\libhal_bsp.a(alt_load.o) (alt_icache_flush_all)
../HelloWorlds_bsp/\libhal_bsp.a(altera_nios2_qsys_irq.o)
                              ../HelloWorlds_bsp/\libhal_bsp.a(alt_sys_init.o) (altera_nios2_qsys_irq_init)
../HelloWorlds_bsp/\libhal_bsp.a(alt_icache_flush.o)
                              ../HelloWorlds_bsp/\libhal_bsp.a(alt_icache_flush_all.o) (alt_icache_flush)
c:/altera/16.0/nios2eds/bin/gnu/h-x86_64-mingw32/bin/../lib/gcc/nios2-elf/5.2.0/../../../../../H-x86_64-mingw32/nios2-elf/lib/mno-hw-mul\libsmallc.a(lib_a-strlen.o)
                              ../HelloWorlds_bsp/\libhal_bsp.a(alt_putstr.o) (strlen)

Memory Configuration

Name             Origin             Length             Attributes
reset            0x0000000000008000 0x0000000000000020
onchip_mem       0x0000000000008020 0x0000000000004fe0
*default*        0x0000000000000000 0xffffffffffffffff

Linker script and memory map

LOAD ../HelloWorlds_bsp//obj/HAL/src/crt0.o
LOAD obj/default/hello_world_small.o
LOAD c:/altera/16.0/nios2eds/bin/gnu/h-x86_64-mingw32/bin/../lib/gcc/nios2-elf/5.2.0/../../../../../H-x86_64-mingw32/nios2-elf/lib/mno-hw-mul\libstdc++.a
LOAD c:/altera/16.0/nios2eds/bin/gnu/h-x86_64-mingw32/bin/../lib/gcc/nios2-elf/5.2.0/../../../../../H-x86_64-mingw32/nios2-elf/lib/mno-hw-mul\libm.a
LOAD c:/altera/16.0/nios2eds/bin/gnu/h-x86_64-mingw32/bin/../lib/gcc/nios2-elf/5.2.0/mno-hw-mul\libgcc.a
START GROUP
LOAD c:/altera/16.0/nios2eds/bin/gnu/h-x86_64-mingw32/bin/../lib/gcc/nios2-elf/5.2.0/../../../../../H-x86_64-mingw32/nios2-elf/lib/mno-hw-mul\libsmallc.a
LOAD c:/altera/16.0/nios2eds/bin/gnu/h-x86_64-mingw32/bin/../lib/gcc/nios2-elf/5.2.0/mno-hw-mul\libgcc.a
LOAD ../HelloWorlds_bsp/\libhal_bsp.a
LOAD c:/altera/16.0/nios2eds/bin/gnu/h-x86_64-mingw32/bin/../lib/gcc/nios2-elf/5.2.0/../../../../../H-x86_64-mingw32/nios2-elf/lib/mno-hw-mul\libm.a
END GROUP
LOAD c:/altera/16.0/nios2eds/bin/gnu/h-x86_64-mingw32/bin/../lib/gcc/nios2-elf/5.2.0/mno-hw-mul\libgcc.a
                0x0000000000008000                __alt_mem_onchip_mem = 0x8000

.entry          0x0000000000008000       0x20
 *(.entry)
 .entry         0x0000000000008000       0x20 ../HelloWorlds_bsp//obj/HAL/src/crt0.o
                0x0000000000008000                __reset
                0x000000000000801c                _exit

.exceptions     0x0000000000008020        0x0
                0x0000000000008020                PROVIDE (__ram_exceptions_start, ABSOLUTE (.))
                0x0000000000008020                . = ALIGN (0x20)
 *(.irq)
 *(.exceptions.entry.label)
 *(.exceptions.entry.user)
 *(.exceptions.entry.ecc_fatal)
 *(.exceptions.entry)
 *(.exceptions.irqtest.user)
 *(.exceptions.irqtest)
 *(.exceptions.irqhandler.user)
 *(.exceptions.irqhandler)
 *(.exceptions.irqreturn.user)
 *(.exceptions.irqreturn)
 *(.exceptions.notirq.label)
 *(.exceptions.notirq.user)
 *(.exceptions.notirq)
 *(.exceptions.soft.user)
 *(.exceptions.soft)
 *(.exceptions.unknown.user)
 *(.exceptions.unknown)
 *(.exceptions.exit.label)
 *(.exceptions.exit.user)
 *(.exceptions.exit)
 *(.exceptions)
                0x0000000000008020                PROVIDE (__ram_exceptions_end, ABSOLUTE (.))
                0x0000000000008020                PROVIDE (__flash_exceptions_start, LOADADDR (.exceptions))

.text           0x0000000000008020      0x344
                [!provide]                        PROVIDE (stext, ABSOLUTE (.))
 *(.interp)
 *(.hash)
 *(.dynsym)
 *(.dynstr)
 *(.gnu.version)
 *(.gnu.version_d)
 *(.gnu.version_r)
 *(.rel.init)
 *(.rela.init)
 *(.rel.text .rel.text.* .rel.gnu.linkonce.t.*)
 *(.rela.text .rela.text.* .rela.gnu.linkonce.t.*)
 *(.rel.fini)
 *(.rela.fini)
 *(.rel.rodata .rel.rodata.* .rel.gnu.linkonce.r.*)
 *(.rela.rodata .rela.rodata.* .rela.gnu.linkonce.r.*)
 *(.rel.data .rel.data.* .rel.gnu.linkonce.d.*)
 *(.rela.data .rela.data.* .rela.gnu.linkonce.d.*)
 *(.rel.tdata .rel.tdata.* .rel.gnu.linkonce.td.*)
 *(.rela.tdata .rela.tdata.* .rela.gnu.linkonce.td.*)
 *(.rel.tbss .rel.tbss.* .rel.gnu.linkonce.tb.*)
 *(.rela.tbss .rela.tbss.* .rela.gnu.linkonce.tb.*)
 *(.rel.ctors)
 *(.rela.ctors)
 *(.rel.dtors)
 *(.rela.dtors)
 *(.rel.got)
 *(.rela.got)
 *(.rel.sdata .rel.sdata.* .rel.gnu.linkonce.s.*)
 *(.rela.sdata .rela.sdata.* .rela.gnu.linkonce.s.*)
 *(.rel.sbss .rel.sbss.* .rel.gnu.linkonce.sb.*)
 *(.rela.sbss .rela.sbss.* .rela.gnu.linkonce.sb.*)
 *(.rel.sdata2 .rel.sdata2.* .rel.gnu.linkonce.s2.*)
 *(.rela.sdata2 .rela.sdata2.* .rela.gnu.linkonce.s2.*)
 *(.rel.sbss2 .rel.sbss2.* .rel.gnu.linkonce.sb2.*)
 *(.rela.sbss2 .rela.sbss2.* .rela.gnu.linkonce.sb2.*)
 *(.rel.bss .rel.bss.* .rel.gnu.linkonce.b.*)
 *(.rela.bss .rela.bss.* .rela.gnu.linkonce.b.*)
 *(.rel.plt)
 *(.rela.plt)
 *(.rel.dyn)
 *(.init)
 *(.plt)
 *(.text .stub .text.* .gnu.linkonce.t.*)
 .text          0x0000000000008020       0x3c ../HelloWorlds_bsp//obj/HAL/src/crt0.o
                0x0000000000008020                _start
 .text          0x000000000000805c        0x0 obj/default/hello_world_small.o
 .text.startup  0x000000000000805c       0x58 obj/default/hello_world_small.o
                0x000000000000805c                main
 .text          0x00000000000080b4       0x44 ../HelloWorlds_bsp/\libhal_bsp.a(alt_getchar.o)
                0x00000000000080b4                alt_getchar
 .text          0x00000000000080f8       0xe0 ../HelloWorlds_bsp/\libhal_bsp.a(alt_load.o)
                0x00000000000080f8                alt_load
 .text          0x00000000000081d8       0x2c ../HelloWorlds_bsp/\libhal_bsp.a(alt_main.o)
                0x00000000000081d8                alt_main
 .text          0x0000000000008204       0x38 ../HelloWorlds_bsp/\libhal_bsp.a(alt_putstr.o)
                0x0000000000008204                alt_putstr
 .text          0x000000000000823c       0x24 ../HelloWorlds_bsp/\libhal_bsp.a(alt_sys_init.o)
                0x000000000000823c                alt_irq_init
                0x000000000000825c                alt_sys_init
 .text          0x0000000000008260       0x5c ../HelloWorlds_bsp/\libhal_bsp.a(altera_avalon_jtag_uart_read.o)
                0x0000000000008260                altera_avalon_jtag_uart_read
 .text          0x00000000000082bc       0x34 ../HelloWorlds_bsp/\libhal_bsp.a(altera_avalon_jtag_uart_write.o)
                0x00000000000082bc                altera_avalon_jtag_uart_write
 .text          0x00000000000082f0        0x4 ../HelloWorlds_bsp/\libhal_bsp.a(alt_dcache_flush_all.o)
                0x00000000000082f0                alt_dcache_flush_all
 .text          0x00000000000082f4        0x8 ../HelloWorlds_bsp/\libhal_bsp.a(alt_dev.o)
 .text          0x00000000000082fc        0xc ../HelloWorlds_bsp/\libhal_bsp.a(alt_icache_flush_all.o)
                0x00000000000082fc                alt_icache_flush_all
 .text          0x0000000000008308        0x8 ../HelloWorlds_bsp/\libhal_bsp.a(altera_nios2_qsys_irq.o)
                0x0000000000008308                altera_nios2_qsys_irq_init
 .text          0x0000000000008310       0x38 ../HelloWorlds_bsp/\libhal_bsp.a(alt_icache_flush.o)
                0x0000000000008310                alt_icache_flush
 .text          0x0000000000008348        0x0 c:/altera/16.0/nios2eds/bin/gnu/h-x86_64-mingw32/bin/../lib/gcc/nios2-elf/5.2.0/../../../../../H-x86_64-mingw32/nios2-elf/lib/mno-hw-mul\libsmallc.a(lib_a-strlen.o)
 .text.strlen   0x0000000000008348       0x1c c:/altera/16.0/nios2eds/bin/gnu/h-x86_64-mingw32/bin/../lib/gcc/nios2-elf/5.2.0/../../../../../H-x86_64-mingw32/nios2-elf/lib/mno-hw-mul\libsmallc.a(lib_a-strlen.o)
                0x0000000000008348                strlen
 *(.gnu.warning.*)
 *(.fini)
                [!provide]                        PROVIDE (__etext, ABSOLUTE (.))
                [!provide]                        PROVIDE (_etext, ABSOLUTE (.))
                [!provide]                        PROVIDE (etext, ABSOLUTE (.))
 *(.eh_frame_hdr)
                0x0000000000008364                . = ALIGN (0x4)
                [!provide]                        PROVIDE (__preinit_array_start, ABSOLUTE (.))
 *(.preinit_array)
                [!provide]                        PROVIDE (__preinit_array_end, ABSOLUTE (.))
                [!provide]                        PROVIDE (__init_array_start, ABSOLUTE (.))
 *(.init_array)
                [!provide]                        PROVIDE (__init_array_end, ABSOLUTE (.))
                [!provide]                        PROVIDE (__fini_array_start, ABSOLUTE (.))
 *(.fini_array)
                [!provide]                        PROVIDE (__fini_array_end, ABSOLUTE (.))
 *(.eh_frame)
 *(.gcc_except_table .gcc_except_table.*)
 *(.dynamic)
                [!provide]                        PROVIDE (__CTOR_LIST__, ABSOLUTE (.))
 *(.ctors)
 *(SORT(.ctors.*))
                [!provide]                        PROVIDE (__CTOR_END__, ABSOLUTE (.))
                [!provide]                        PROVIDE (__DTOR_LIST__, ABSOLUTE (.))
 *(.dtors)
 *(SORT(.dtors.*))
                [!provide]                        PROVIDE (__DTOR_END__, ABSOLUTE (.))
 *(.jcr)
                0x0000000000008364                . = ALIGN (0x4)

.rodata         0x0000000000008364       0x24
                0x0000000000008364                PROVIDE (__ram_rodata_start, ABSOLUTE (.))
                0x0000000000008364                . = ALIGN (0x4)
 *(.rodata .rodata.* .gnu.linkonce.r.*)
 .rodata.str1.4
                0x0000000000008364       0x15 obj/default/hello_world_small.o
 *fill*         0x0000000000008379        0x3 
 .rodata.str1.4
                0x000000000000837c        0xc ../HelloWorlds_bsp/\libhal_bsp.a(alt_dev.o)
                                          0xa (size before relaxing)
 *(.rodata1)
                0x0000000000008388                . = ALIGN (0x4)
                0x0000000000008388                PROVIDE (__ram_rodata_end, ABSOLUTE (.))
                0x0000000000008364                PROVIDE (__flash_rodata_start, LOADADDR (.rodata))

.rwdata         0x0000000000008388       0x70 load address 0x00000000000083f8
                0x0000000000008388                PROVIDE (__ram_rwdata_start, ABSOLUTE (.))
                0x0000000000008388                . = ALIGN (0x4)
 *(.got.plt)
 *(.got)
 *(.data1)
 *(.data .data.* .gnu.linkonce.d.*)
 .data          0x0000000000008388        0x0 ../HelloWorlds_bsp//obj/HAL/src/crt0.o
 .data          0x0000000000008388        0x0 obj/default/hello_world_small.o
 .data          0x0000000000008388        0x0 ../HelloWorlds_bsp/\libhal_bsp.a(alt_getchar.o)
 .data          0x0000000000008388        0x0 ../HelloWorlds_bsp/\libhal_bsp.a(alt_load.o)
 .data          0x0000000000008388        0x0 ../HelloWorlds_bsp/\libhal_bsp.a(alt_main.o)
 .data          0x0000000000008388        0x0 ../HelloWorlds_bsp/\libhal_bsp.a(alt_putstr.o)
 .data          0x0000000000008388        0x0 ../HelloWorlds_bsp/\libhal_bsp.a(alt_sys_init.o)
 .data          0x0000000000008388        0x0 ../HelloWorlds_bsp/\libhal_bsp.a(altera_avalon_jtag_uart_read.o)
 .data          0x0000000000008388        0x0 ../HelloWorlds_bsp/\libhal_bsp.a(altera_avalon_jtag_uart_write.o)
 .data          0x0000000000008388        0x0 ../HelloWorlds_bsp/\libhal_bsp.a(alt_dcache_flush_all.o)
 .data          0x0000000000008388       0x58 ../HelloWorlds_bsp/\libhal_bsp.a(alt_dev.o)
                0x0000000000008388                alt_fd_list
                0x00000000000083b8                alt_dev_null
 .data          0x00000000000083e0        0x0 ../HelloWorlds_bsp/\libhal_bsp.a(alt_icache_flush_all.o)
 .data          0x00000000000083e0        0x0 ../HelloWorlds_bsp/\libhal_bsp.a(altera_nios2_qsys_irq.o)
 .data          0x00000000000083e0        0x0 ../HelloWorlds_bsp/\libhal_bsp.a(alt_icache_flush.o)
 .data          0x00000000000083e0        0x0 c:/altera/16.0/nios2eds/bin/gnu/h-x86_64-mingw32/bin/../lib/gcc/nios2-elf/5.2.0/../../../../../H-x86_64-mingw32/nios2-elf/lib/mno-hw-mul\libsmallc.a(lib_a-strlen.o)
                0x00000000000103e0                _gp = ABSOLUTE ((. + 0x8000))
                [!provide]                        PROVIDE (gp, _gp)
 *(.rwdata .rwdata.*)
 *(.sdata .sdata.* .gnu.linkonce.s.*)
 .sdata         0x00000000000083e0        0x4 ../HelloWorlds_bsp/\libhal_bsp.a(alt_sys_init.o)
                0x00000000000083e0                jtag_uart
 .sdata         0x00000000000083e4       0x14 ../HelloWorlds_bsp/\libhal_bsp.a(alt_dev.o)
                0x00000000000083e4                alt_max_fd
                0x00000000000083e8                alt_dev_list
                0x00000000000083f0                alt_fs_list
 *(.sdata2 .sdata2.* .gnu.linkonce.s2.*)
                0x00000000000083f8                . = ALIGN (0x4)
                0x00000000000083f8                _edata = ABSOLUTE (.)
                [!provide]                        PROVIDE (edata, ABSOLUTE (.))
                0x00000000000083f8                PROVIDE (__ram_rwdata_end, ABSOLUTE (.))
                0x00000000000083f8                PROVIDE (__flash_rwdata_start, LOADADDR (.rwdata))

.bss            0x0000000000008468        0xc
                0x0000000000008468                __bss_start = ABSOLUTE (.)
                [!provide]                        PROVIDE (__sbss_start, ABSOLUTE (.))
                [!provide]                        PROVIDE (___sbss_start, ABSOLUTE (.))
 *(.dynsbss)
 *(.sbss .sbss.* .gnu.linkonce.sb.*)
 .sbss          0x0000000000008468        0xc ../HelloWorlds_bsp/\libhal_bsp.a(alt_main.o)
                0x0000000000008468                alt_envp
                0x000000000000846c                alt_argv
                0x0000000000008470                alt_argc
 *(.sbss2 .sbss2.* .gnu.linkonce.sb2.*)
 *(.scommon)
                [!provide]                        PROVIDE (__sbss_end, ABSOLUTE (.))
                [!provide]                        PROVIDE (___sbss_end, ABSOLUTE (.))
 *(.dynbss)
 *(.bss .bss.* .gnu.linkonce.b.*)
 .bss           0x0000000000008474        0x0 ../HelloWorlds_bsp//obj/HAL/src/crt0.o
 .bss           0x0000000000008474        0x0 obj/default/hello_world_small.o
 .bss           0x0000000000008474        0x0 ../HelloWorlds_bsp/\libhal_bsp.a(alt_getchar.o)
 .bss           0x0000000000008474        0x0 ../HelloWorlds_bsp/\libhal_bsp.a(alt_load.o)
 .bss           0x0000000000008474        0x0 ../HelloWorlds_bsp/\libhal_bsp.a(alt_main.o)
 .bss           0x0000000000008474        0x0 ../HelloWorlds_bsp/\libhal_bsp.a(alt_putstr.o)
 .bss           0x0000000000008474        0x0 ../HelloWorlds_bsp/\libhal_bsp.a(alt_sys_init.o)
 .bss           0x0000000000008474        0x0 ../HelloWorlds_bsp/\libhal_bsp.a(altera_avalon_jtag_uart_read.o)
 .bss           0x0000000000008474        0x0 ../HelloWorlds_bsp/\libhal_bsp.a(altera_avalon_jtag_uart_write.o)
 .bss           0x0000000000008474        0x0 ../HelloWorlds_bsp/\libhal_bsp.a(alt_dcache_flush_all.o)
 .bss           0x0000000000008474        0x0 ../HelloWorlds_bsp/\libhal_bsp.a(alt_dev.o)
 .bss           0x0000000000008474        0x0 ../HelloWorlds_bsp/\libhal_bsp.a(alt_icache_flush_all.o)
 .bss           0x0000000000008474        0x0 ../HelloWorlds_bsp/\libhal_bsp.a(altera_nios2_qsys_irq.o)
 .bss           0x0000000000008474        0x0 ../HelloWorlds_bsp/\libhal_bsp.a(alt_icache_flush.o)
 .bss           0x0000000000008474        0x0 c:/altera/16.0/nios2eds/bin/gnu/h-x86_64-mingw32/bin/../lib/gcc/nios2-elf/5.2.0/../../../../../H-x86_64-mingw32/nios2-elf/lib/mno-hw-mul\libsmallc.a(lib_a-strlen.o)
 *(COMMON)
                0x0000000000008474                . = ALIGN (0x4)
                0x0000000000008474                __bss_end = ABSOLUTE (.)

.onchip_mem     0x0000000000008474        0x0
                [!provide]                        PROVIDE (_alt_partition_onchip_mem_start, ABSOLUTE (.))
 *(.onchip_mem .onchip_mem. onchip_mem.*)
                0x0000000000008474                . = ALIGN (0x4)
                [!provide]                        PROVIDE (_alt_partition_onchip_mem_end, ABSOLUTE (.))
                0x0000000000008474                _end = ABSOLUTE (.)
                0x0000000000008474                end = ABSOLUTE (.)
                0x0000000000008474                __alt_stack_base = ABSOLUTE (.)
                [!provide]                        PROVIDE (_alt_partition_onchip_mem_load_addr, LOADADDR (.onchip_mem))

.stab
 *(.stab)

.stabstr
 *(.stabstr)

.stab.excl
 *(.stab.excl)

.stab.exclstr
 *(.stab.exclstr)

.stab.index
 *(.stab.index)

.stab.indexstr
 *(.stab.indexstr)

.comment        0x0000000000000000       0x23
 *(.comment)
 .comment       0x0000000000000000       0x23 obj/default/hello_world_small.o
                                         0x24 (size before relaxing)
 .comment       0x0000000000000023       0x24 ../HelloWorlds_bsp/\libhal_bsp.a(alt_getchar.o)
 .comment       0x0000000000000023       0x24 ../HelloWorlds_bsp/\libhal_bsp.a(alt_load.o)
 .comment       0x0000000000000023       0x24 ../HelloWorlds_bsp/\libhal_bsp.a(alt_main.o)
 .comment       0x0000000000000023       0x24 ../HelloWorlds_bsp/\libhal_bsp.a(alt_putstr.o)
 .comment       0x0000000000000023       0x24 ../HelloWorlds_bsp/\libhal_bsp.a(alt_sys_init.o)
 .comment       0x0000000000000023       0x24 ../HelloWorlds_bsp/\libhal_bsp.a(altera_avalon_jtag_uart_read.o)
 .comment       0x0000000000000023       0x24 ../HelloWorlds_bsp/\libhal_bsp.a(altera_avalon_jtag_uart_write.o)
 .comment       0x0000000000000023       0x24 ../HelloWorlds_bsp/\libhal_bsp.a(alt_dcache_flush_all.o)
 .comment       0x0000000000000023       0x24 ../HelloWorlds_bsp/\libhal_bsp.a(alt_dev.o)
 .comment       0x0000000000000023       0x24 ../HelloWorlds_bsp/\libhal_bsp.a(alt_icache_flush_all.o)
 .comment       0x0000000000000023       0x24 ../HelloWorlds_bsp/\libhal_bsp.a(altera_nios2_qsys_irq.o)
 .comment       0x0000000000000023       0x24 ../HelloWorlds_bsp/\libhal_bsp.a(alt_icache_flush.o)
 .comment       0x0000000000000023       0x24 c:/altera/16.0/nios2eds/bin/gnu/h-x86_64-mingw32/bin/../lib/gcc/nios2-elf/5.2.0/../../../../../H-x86_64-mingw32/nios2-elf/lib/mno-hw-mul\libsmallc.a(lib_a-strlen.o)

.debug
 *(.debug)

.line
 *(.line)

.debug_srcinfo
 *(.debug_srcinfo)

.debug_sfnames
 *(.debug_sfnames)

.debug_aranges  0x0000000000000000      0x1e8
 *(.debug_aranges)
 .debug_aranges
                0x0000000000000000       0x28 ../HelloWorlds_bsp//obj/HAL/src/crt0.o
 .debug_aranges
                0x0000000000000028       0x20 obj/default/hello_world_small.o
 .debug_aranges
                0x0000000000000048       0x20 ../HelloWorlds_bsp/\libhal_bsp.a(alt_getchar.o)
 .debug_aranges
                0x0000000000000068       0x20 ../HelloWorlds_bsp/\libhal_bsp.a(alt_load.o)
 .debug_aranges
                0x0000000000000088       0x20 ../HelloWorlds_bsp/\libhal_bsp.a(alt_main.o)
 .debug_aranges
                0x00000000000000a8       0x20 ../HelloWorlds_bsp/\libhal_bsp.a(alt_putstr.o)
 .debug_aranges
                0x00000000000000c8       0x20 ../HelloWorlds_bsp/\libhal_bsp.a(alt_sys_init.o)
 .debug_aranges
                0x00000000000000e8       0x20 ../HelloWorlds_bsp/\libhal_bsp.a(altera_avalon_jtag_uart_read.o)
 .debug_aranges
                0x0000000000000108       0x20 ../HelloWorlds_bsp/\libhal_bsp.a(altera_avalon_jtag_uart_write.o)
 .debug_aranges
                0x0000000000000128       0x20 ../HelloWorlds_bsp/\libhal_bsp.a(alt_dcache_flush_all.o)
 .debug_aranges
                0x0000000000000148       0x20 ../HelloWorlds_bsp/\libhal_bsp.a(alt_dev.o)
 .debug_aranges
                0x0000000000000168       0x20 ../HelloWorlds_bsp/\libhal_bsp.a(alt_icache_flush_all.o)
 .debug_aranges
                0x0000000000000188       0x20 ../HelloWorlds_bsp/\libhal_bsp.a(altera_nios2_qsys_irq.o)
 .debug_aranges
                0x00000000000001a8       0x20 ../HelloWorlds_bsp/\libhal_bsp.a(alt_icache_flush.o)
 .debug_aranges
                0x00000000000001c8       0x20 c:/altera/16.0/nios2eds/bin/gnu/h-x86_64-mingw32/bin/../lib/gcc/nios2-elf/5.2.0/../../../../../H-x86_64-mingw32/nios2-elf/lib/mno-hw-mul\libsmallc.a(lib_a-strlen.o)

.debug_pubnames
 *(.debug_pubnames)

.debug_info     0x0000000000000000     0x15a2
 *(.debug_info .gnu.linkonce.wi.*)
 .debug_info    0x0000000000000000       0x88 ../HelloWorlds_bsp//obj/HAL/src/crt0.o
 .debug_info    0x0000000000000088       0x7d obj/default/hello_world_small.o
 .debug_info    0x0000000000000105      0x32d ../HelloWorlds_bsp/\libhal_bsp.a(alt_getchar.o)
 .debug_info    0x0000000000000432      0x1c9 ../HelloWorlds_bsp/\libhal_bsp.a(alt_load.o)
 .debug_info    0x00000000000005fb      0x169 ../HelloWorlds_bsp/\libhal_bsp.a(alt_main.o)
 .debug_info    0x0000000000000764      0x13a ../HelloWorlds_bsp/\libhal_bsp.a(alt_putstr.o)
 .debug_info    0x000000000000089e      0x19d ../HelloWorlds_bsp/\libhal_bsp.a(alt_sys_init.o)
 .debug_info    0x0000000000000a3b      0x1b4 ../HelloWorlds_bsp/\libhal_bsp.a(altera_avalon_jtag_uart_read.o)
 .debug_info    0x0000000000000bef      0x197 ../HelloWorlds_bsp/\libhal_bsp.a(altera_avalon_jtag_uart_write.o)
 .debug_info    0x0000000000000d86       0x92 ../HelloWorlds_bsp/\libhal_bsp.a(alt_dcache_flush_all.o)
 .debug_info    0x0000000000000e18      0x499 ../HelloWorlds_bsp/\libhal_bsp.a(alt_dev.o)
 .debug_info    0x00000000000012b1       0xb8 ../HelloWorlds_bsp/\libhal_bsp.a(alt_icache_flush_all.o)
 .debug_info    0x0000000000001369       0x92 ../HelloWorlds_bsp/\libhal_bsp.a(altera_nios2_qsys_irq.o)
 .debug_info    0x00000000000013fb       0xde ../HelloWorlds_bsp/\libhal_bsp.a(alt_icache_flush.o)
 .debug_info    0x00000000000014d9       0xc9 c:/altera/16.0/nios2eds/bin/gnu/h-x86_64-mingw32/bin/../lib/gcc/nios2-elf/5.2.0/../../../../../H-x86_64-mingw32/nios2-elf/lib/mno-hw-mul\libsmallc.a(lib_a-strlen.o)

.debug_abbrev   0x0000000000000000      0xa04
 *(.debug_abbrev)
 .debug_abbrev  0x0000000000000000       0x12 ../HelloWorlds_bsp//obj/HAL/src/crt0.o
 .debug_abbrev  0x0000000000000012       0x71 obj/default/hello_world_small.o
 .debug_abbrev  0x0000000000000083      0x11d ../HelloWorlds_bsp/\libhal_bsp.a(alt_getchar.o)
 .debug_abbrev  0x00000000000001a0       0xd8 ../HelloWorlds_bsp/\libhal_bsp.a(alt_load.o)
 .debug_abbrev  0x0000000000000278       0xee ../HelloWorlds_bsp/\libhal_bsp.a(alt_main.o)
 .debug_abbrev  0x0000000000000366       0xd3 ../HelloWorlds_bsp/\libhal_bsp.a(alt_putstr.o)
 .debug_abbrev  0x0000000000000439      0x10e ../HelloWorlds_bsp/\libhal_bsp.a(alt_sys_init.o)
 .debug_abbrev  0x0000000000000547      0x102 ../HelloWorlds_bsp/\libhal_bsp.a(altera_avalon_jtag_uart_read.o)
 .debug_abbrev  0x0000000000000649       0xd5 ../HelloWorlds_bsp/\libhal_bsp.a(altera_avalon_jtag_uart_write.o)
 .debug_abbrev  0x000000000000071e       0x42 ../HelloWorlds_bsp/\libhal_bsp.a(alt_dcache_flush_all.o)
 .debug_abbrev  0x0000000000000760       0xd9 ../HelloWorlds_bsp/\libhal_bsp.a(alt_dev.o)
 .debug_abbrev  0x0000000000000839       0x6f ../HelloWorlds_bsp/\libhal_bsp.a(alt_icache_flush_all.o)
 .debug_abbrev  0x00000000000008a8       0x42 ../HelloWorlds_bsp/\libhal_bsp.a(altera_nios2_qsys_irq.o)
 .debug_abbrev  0x00000000000008ea       0x9b ../HelloWorlds_bsp/\libhal_bsp.a(alt_icache_flush.o)
 .debug_abbrev  0x0000000000000985       0x7f c:/altera/16.0/nios2eds/bin/gnu/h-x86_64-mingw32/bin/../lib/gcc/nios2-elf/5.2.0/../../../../../H-x86_64-mingw32/nios2-elf/lib/mno-hw-mul\libsmallc.a(lib_a-strlen.o)

.debug_line     0x0000000000000000      0xa77
 *(.debug_line)
 .debug_line    0x0000000000000000       0x6c ../HelloWorlds_bsp//obj/HAL/src/crt0.o
 .debug_line    0x000000000000006c       0x82 obj/default/hello_world_small.o
 .debug_line    0x00000000000000ee       0xb7 ../HelloWorlds_bsp/\libhal_bsp.a(alt_getchar.o)
 .debug_line    0x00000000000001a5       0xa5 ../HelloWorlds_bsp/\libhal_bsp.a(alt_load.o)
 .debug_line    0x000000000000024a       0xbd ../HelloWorlds_bsp/\libhal_bsp.a(alt_main.o)
 .debug_line    0x0000000000000307       0x98 ../HelloWorlds_bsp/\libhal_bsp.a(alt_putstr.o)
 .debug_line    0x000000000000039f      0x11a ../HelloWorlds_bsp/\libhal_bsp.a(alt_sys_init.o)
 .debug_line    0x00000000000004b9       0xfb ../HelloWorlds_bsp/\libhal_bsp.a(altera_avalon_jtag_uart_read.o)
 .debug_line    0x00000000000005b4       0xf0 ../HelloWorlds_bsp/\libhal_bsp.a(altera_avalon_jtag_uart_write.o)
 .debug_line    0x00000000000006a4       0x4e ../HelloWorlds_bsp/\libhal_bsp.a(alt_dcache_flush_all.o)
 .debug_line    0x00000000000006f2       0xee ../HelloWorlds_bsp/\libhal_bsp.a(alt_dev.o)
 .debug_line    0x00000000000007e0       0x6e ../HelloWorlds_bsp/\libhal_bsp.a(alt_icache_flush_all.o)
 .debug_line    0x000000000000084e       0x50 ../HelloWorlds_bsp/\libhal_bsp.a(altera_nios2_qsys_irq.o)
 .debug_line    0x000000000000089e       0x7d ../HelloWorlds_bsp/\libhal_bsp.a(alt_icache_flush.o)
 .debug_line    0x000000000000091b      0x15c c:/altera/16.0/nios2eds/bin/gnu/h-x86_64-mingw32/bin/../lib/gcc/nios2-elf/5.2.0/../../../../../H-x86_64-mingw32/nios2-elf/lib/mno-hw-mul\libsmallc.a(lib_a-strlen.o)

.debug_frame    0x0000000000000000      0x21c
 *(.debug_frame)
 .debug_frame   0x0000000000000000       0x28 obj/default/hello_world_small.o
 .debug_frame   0x0000000000000028       0x2c ../HelloWorlds_bsp/\libhal_bsp.a(alt_getchar.o)
 .debug_frame   0x0000000000000054       0x30 ../HelloWorlds_bsp/\libhal_bsp.a(alt_load.o)
 .debug_frame   0x0000000000000084       0x2c ../HelloWorlds_bsp/\libhal_bsp.a(alt_main.o)
 .debug_frame   0x00000000000000b0       0x30 ../HelloWorlds_bsp/\libhal_bsp.a(alt_putstr.o)
 .debug_frame   0x00000000000000e0       0x3c ../HelloWorlds_bsp/\libhal_bsp.a(alt_sys_init.o)
 .debug_frame   0x000000000000011c       0x20 ../HelloWorlds_bsp/\libhal_bsp.a(altera_avalon_jtag_uart_read.o)
 .debug_frame   0x000000000000013c       0x20 ../HelloWorlds_bsp/\libhal_bsp.a(altera_avalon_jtag_uart_write.o)
 .debug_frame   0x000000000000015c       0x20 ../HelloWorlds_bsp/\libhal_bsp.a(alt_dcache_flush_all.o)
 .debug_frame   0x000000000000017c       0x20 ../HelloWorlds_bsp/\libhal_bsp.a(alt_dev.o)
 .debug_frame   0x000000000000019c       0x20 ../HelloWorlds_bsp/\libhal_bsp.a(alt_icache_flush_all.o)
 .debug_frame   0x00000000000001bc       0x20 ../HelloWorlds_bsp/\libhal_bsp.a(altera_nios2_qsys_irq.o)
 .debug_frame   0x00000000000001dc       0x20 ../HelloWorlds_bsp/\libhal_bsp.a(alt_icache_flush.o)
 .debug_frame   0x00000000000001fc       0x20 c:/altera/16.0/nios2eds/bin/gnu/h-x86_64-mingw32/bin/../lib/gcc/nios2-elf/5.2.0/../../../../../H-x86_64-mingw32/nios2-elf/lib/mno-hw-mul\libsmallc.a(lib_a-strlen.o)

.debug_str      0x0000000000000000      0x868
 *(.debug_str)
 .debug_str     0x0000000000000000       0xb5 obj/default/hello_world_small.o
                                         0xba (size before relaxing)
 .debug_str     0x00000000000000b5      0x1f4 ../HelloWorlds_bsp/\libhal_bsp.a(alt_getchar.o)
                                        0x24f (size before relaxing)
 .debug_str     0x00000000000002a9      0x11b ../HelloWorlds_bsp/\libhal_bsp.a(alt_load.o)
                                        0x255 (size before relaxing)
 .debug_str     0x00000000000003c4       0x5e ../HelloWorlds_bsp/\libhal_bsp.a(alt_main.o)
                                        0x1ce (size before relaxing)
 .debug_str     0x0000000000000422       0x3a ../HelloWorlds_bsp/\libhal_bsp.a(alt_putstr.o)
                                        0x1a9 (size before relaxing)
 .debug_str     0x000000000000045c       0xb9 ../HelloWorlds_bsp/\libhal_bsp.a(alt_sys_init.o)
                                        0x275 (size before relaxing)
 .debug_str     0x0000000000000515       0x3d ../HelloWorlds_bsp/\libhal_bsp.a(altera_avalon_jtag_uart_read.o)
                                        0x238 (size before relaxing)
 .debug_str     0x0000000000000552       0x32 ../HelloWorlds_bsp/\libhal_bsp.a(altera_avalon_jtag_uart_write.o)
                                        0x22e (size before relaxing)
 .debug_str     0x0000000000000584       0x1f ../HelloWorlds_bsp/\libhal_bsp.a(alt_dcache_flush_all.o)
                                        0x16e (size before relaxing)
 .debug_str     0x00000000000005a3      0x120 ../HelloWorlds_bsp/\libhal_bsp.a(alt_dev.o)
                                        0x31e (size before relaxing)
 .debug_str     0x00000000000006c3       0x30 ../HelloWorlds_bsp/\libhal_bsp.a(alt_icache_flush_all.o)
                                        0x17f (size before relaxing)
 .debug_str     0x00000000000006f3       0x20 ../HelloWorlds_bsp/\libhal_bsp.a(altera_nios2_qsys_irq.o)
                                        0x175 (size before relaxing)
 .debug_str     0x0000000000000713       0x1b ../HelloWorlds_bsp/\libhal_bsp.a(alt_icache_flush.o)
                                        0x174 (size before relaxing)
 .debug_str     0x000000000000072e      0x13a c:/altera/16.0/nios2eds/bin/gnu/h-x86_64-mingw32/bin/../lib/gcc/nios2-elf/5.2.0/../../../../../H-x86_64-mingw32/nios2-elf/lib/mno-hw-mul\libsmallc.a(lib_a-strlen.o)
                                        0x1e5 (size before relaxing)

.debug_loc      0x0000000000000000      0x220
 *(.debug_loc)
 .debug_loc     0x0000000000000000       0x37 ../HelloWorlds_bsp/\libhal_bsp.a(alt_putstr.o)
 .debug_loc     0x0000000000000037       0x21 ../HelloWorlds_bsp/\libhal_bsp.a(alt_sys_init.o)
 .debug_loc     0x0000000000000058       0xcd ../HelloWorlds_bsp/\libhal_bsp.a(altera_avalon_jtag_uart_read.o)
 .debug_loc     0x0000000000000125       0x8b ../HelloWorlds_bsp/\libhal_bsp.a(altera_avalon_jtag_uart_write.o)
 .debug_loc     0x00000000000001b0       0x52 ../HelloWorlds_bsp/\libhal_bsp.a(alt_icache_flush.o)
 .debug_loc     0x0000000000000202       0x1e c:/altera/16.0/nios2eds/bin/gnu/h-x86_64-mingw32/bin/../lib/gcc/nios2-elf/5.2.0/../../../../../H-x86_64-mingw32/nios2-elf/lib/mno-hw-mul\libsmallc.a(lib_a-strlen.o)

.debug_macinfo
 *(.debug_macinfo)

.debug_weaknames
 *(.debug_weaknames)

.debug_funcnames
 *(.debug_funcnames)

.debug_typenames
 *(.debug_typenames)

.debug_varnames
 *(.debug_varnames)

.debug_alt_sim_info
                0x0000000000000000       0x20
 *(.debug_alt_sim_info)
 .debug_alt_sim_info
                0x0000000000000000       0x20 ../HelloWorlds_bsp//obj/HAL/src/crt0.o
                0x000000000000d000                __alt_data_end = 0xd000
                0x000000000000d000                PROVIDE (__alt_stack_pointer, __alt_data_end)
                [!provide]                        PROVIDE (__alt_stack_limit, __alt_stack_base)
                [!provide]                        PROVIDE (__alt_heap_start, end)
                [!provide]                        PROVIDE (__alt_heap_limit, 0xd000)
OUTPUT(HelloWorlds.elf elf32-littlenios2)

.debug_ranges   0x0000000000000000       0xb8
 .debug_ranges  0x0000000000000000       0x20 ../HelloWorlds_bsp//obj/HAL/src/crt0.o
 .debug_ranges  0x0000000000000020       0x10 obj/default/hello_world_small.o
 .debug_ranges  0x0000000000000030       0x48 ../HelloWorlds_bsp/\libhal_bsp.a(alt_load.o)
 .debug_ranges  0x0000000000000078       0x20 ../HelloWorlds_bsp/\libhal_bsp.a(altera_avalon_jtag_uart_read.o)
 .debug_ranges  0x0000000000000098       0x10 ../HelloWorlds_bsp/\libhal_bsp.a(alt_icache_flush.o)
 .debug_ranges  0x00000000000000a8       0x10 c:/altera/16.0/nios2eds/bin/gnu/h-x86_64-mingw32/bin/../lib/gcc/nios2-elf/5.2.0/../../../../../H-x86_64-mingw32/nios2-elf/lib/mno-hw-mul\libsmallc.a(lib_a-strlen.o)
