Archive member included to satisfy reference by file (symbol)

../HelloWorldSmall_bsp/\libhal_bsp.a(alt_load.o)
                              ../HelloWorldSmall_bsp//obj/HAL/src/crt0.o (alt_load)
../HelloWorldSmall_bsp/\libhal_bsp.a(alt_main.o)
                              ../HelloWorldSmall_bsp//obj/HAL/src/crt0.o (alt_main)
../HelloWorldSmall_bsp/\libhal_bsp.a(alt_putstr.o)
                              obj/default/hello_world_small.o (alt_putstr)
../HelloWorldSmall_bsp/\libhal_bsp.a(alt_sys_init.o)
                              ../HelloWorldSmall_bsp/\libhal_bsp.a(alt_main.o) (alt_irq_init)
../HelloWorldSmall_bsp/\libhal_bsp.a(altera_avalon_jtag_uart_write.o)
                              ../HelloWorldSmall_bsp/\libhal_bsp.a(alt_putstr.o) (altera_avalon_jtag_uart_write)
../HelloWorldSmall_bsp/\libhal_bsp.a(alt_dcache_flush_all.o)
                              ../HelloWorldSmall_bsp/\libhal_bsp.a(alt_load.o) (alt_dcache_flush_all)
../HelloWorldSmall_bsp/\libhal_bsp.a(alt_icache_flush_all.o)
                              ../HelloWorldSmall_bsp/\libhal_bsp.a(alt_load.o) (alt_icache_flush_all)
../HelloWorldSmall_bsp/\libhal_bsp.a(altera_nios2_qsys_irq.o)
                              ../HelloWorldSmall_bsp/\libhal_bsp.a(alt_sys_init.o) (altera_nios2_qsys_irq_init)
../HelloWorldSmall_bsp/\libhal_bsp.a(alt_icache_flush.o)
                              ../HelloWorldSmall_bsp/\libhal_bsp.a(alt_icache_flush_all.o) (alt_icache_flush)
c:/altera/16.0/nios2eds/bin/gnu/h-x86_64-mingw32/bin/../lib/gcc/nios2-elf/5.2.0/../../../../../H-x86_64-mingw32/nios2-elf/lib/mno-hw-mul\libsmallc.a(lib_a-strlen.o)
                              ../HelloWorldSmall_bsp/\libhal_bsp.a(alt_putstr.o) (strlen)

Memory Configuration

Name             Origin             Length             Attributes
reset            0x0000000000008000 0x0000000000000020
onchip_mem       0x0000000000008020 0x0000000000004fe0
*default*        0x0000000000000000 0xffffffffffffffff

Linker script and memory map

LOAD ../HelloWorldSmall_bsp//obj/HAL/src/crt0.o
LOAD obj/default/hello_world_small.o
LOAD c:/altera/16.0/nios2eds/bin/gnu/h-x86_64-mingw32/bin/../lib/gcc/nios2-elf/5.2.0/../../../../../H-x86_64-mingw32/nios2-elf/lib/mno-hw-mul\libstdc++.a
LOAD c:/altera/16.0/nios2eds/bin/gnu/h-x86_64-mingw32/bin/../lib/gcc/nios2-elf/5.2.0/../../../../../H-x86_64-mingw32/nios2-elf/lib/mno-hw-mul\libm.a
LOAD c:/altera/16.0/nios2eds/bin/gnu/h-x86_64-mingw32/bin/../lib/gcc/nios2-elf/5.2.0/mno-hw-mul\libgcc.a
START GROUP
LOAD c:/altera/16.0/nios2eds/bin/gnu/h-x86_64-mingw32/bin/../lib/gcc/nios2-elf/5.2.0/../../../../../H-x86_64-mingw32/nios2-elf/lib/mno-hw-mul\libsmallc.a
LOAD c:/altera/16.0/nios2eds/bin/gnu/h-x86_64-mingw32/bin/../lib/gcc/nios2-elf/5.2.0/mno-hw-mul\libgcc.a
LOAD ../HelloWorldSmall_bsp/\libhal_bsp.a
LOAD c:/altera/16.0/nios2eds/bin/gnu/h-x86_64-mingw32/bin/../lib/gcc/nios2-elf/5.2.0/../../../../../H-x86_64-mingw32/nios2-elf/lib/mno-hw-mul\libm.a
END GROUP
LOAD c:/altera/16.0/nios2eds/bin/gnu/h-x86_64-mingw32/bin/../lib/gcc/nios2-elf/5.2.0/mno-hw-mul\libgcc.a
                0x0000000000008000                __alt_mem_onchip_mem = 0x8000

.entry          0x0000000000008000       0x20
 *(.entry)
 .entry         0x0000000000008000       0x20 ../HelloWorldSmall_bsp//obj/HAL/src/crt0.o
                0x0000000000008000                __reset
                0x000000000000801c                _exit

.exceptions     0x0000000000008020        0x0
                0x0000000000008020                PROVIDE (__ram_exceptions_start, ABSOLUTE (.))
                0x0000000000008020                . = ALIGN (0x20)
 *(.irq)
 *(.exceptions.entry.label)
 *(.exceptions.entry.user)
 *(.exceptions.entry.ecc_fatal)
 *(.exceptions.entry)
 *(.exceptions.irqtest.user)
 *(.exceptions.irqtest)
 *(.exceptions.irqhandler.user)
 *(.exceptions.irqhandler)
 *(.exceptions.irqreturn.user)
 *(.exceptions.irqreturn)
 *(.exceptions.notirq.label)
 *(.exceptions.notirq.user)
 *(.exceptions.notirq)
 *(.exceptions.soft.user)
 *(.exceptions.soft)
 *(.exceptions.unknown.user)
 *(.exceptions.unknown)
 *(.exceptions.exit.label)
 *(.exceptions.exit.user)
 *(.exceptions.exit)
 *(.exceptions)
                0x0000000000008020                PROVIDE (__ram_exceptions_end, ABSOLUTE (.))
                0x0000000000008020                PROVIDE (__flash_exceptions_start, LOADADDR (.exceptions))

.text           0x0000000000008020      0x25c
                [!provide]                        PROVIDE (stext, ABSOLUTE (.))
 *(.interp)
 *(.hash)
 *(.dynsym)
 *(.dynstr)
 *(.gnu.version)
 *(.gnu.version_d)
 *(.gnu.version_r)
 *(.rel.init)
 *(.rela.init)
 *(.rel.text .rel.text.* .rel.gnu.linkonce.t.*)
 *(.rela.text .rela.text.* .rela.gnu.linkonce.t.*)
 *(.rel.fini)
 *(.rela.fini)
 *(.rel.rodata .rel.rodata.* .rel.gnu.linkonce.r.*)
 *(.rela.rodata .rela.rodata.* .rela.gnu.linkonce.r.*)
 *(.rel.data .rel.data.* .rel.gnu.linkonce.d.*)
 *(.rela.data .rela.data.* .rela.gnu.linkonce.d.*)
 *(.rel.tdata .rel.tdata.* .rel.gnu.linkonce.td.*)
 *(.rela.tdata .rela.tdata.* .rela.gnu.linkonce.td.*)
 *(.rel.tbss .rel.tbss.* .rel.gnu.linkonce.tb.*)
 *(.rela.tbss .rela.tbss.* .rela.gnu.linkonce.tb.*)
 *(.rel.ctors)
 *(.rela.ctors)
 *(.rel.dtors)
 *(.rela.dtors)
 *(.rel.got)
 *(.rela.got)
 *(.rel.sdata .rel.sdata.* .rel.gnu.linkonce.s.*)
 *(.rela.sdata .rela.sdata.* .rela.gnu.linkonce.s.*)
 *(.rel.sbss .rel.sbss.* .rel.gnu.linkonce.sb.*)
 *(.rela.sbss .rela.sbss.* .rela.gnu.linkonce.sb.*)
 *(.rel.sdata2 .rel.sdata2.* .rel.gnu.linkonce.s2.*)
 *(.rela.sdata2 .rela.sdata2.* .rela.gnu.linkonce.s2.*)
 *(.rel.sbss2 .rel.sbss2.* .rel.gnu.linkonce.sb2.*)
 *(.rela.sbss2 .rela.sbss2.* .rela.gnu.linkonce.sb2.*)
 *(.rel.bss .rel.bss.* .rel.gnu.linkonce.b.*)
 *(.rela.bss .rela.bss.* .rela.gnu.linkonce.b.*)
 *(.rel.plt)
 *(.rela.plt)
 *(.rel.dyn)
 *(.init)
 *(.plt)
 *(.text .stub .text.* .gnu.linkonce.t.*)
 .text          0x0000000000008020       0x3c ../HelloWorldSmall_bsp//obj/HAL/src/crt0.o
                0x0000000000008020                _start
 .text          0x000000000000805c        0x0 obj/default/hello_world_small.o
 .text.startup  0x000000000000805c       0x18 obj/default/hello_world_small.o
                0x000000000000805c                main
 .text          0x0000000000008074       0xe0 ../HelloWorldSmall_bsp/\libhal_bsp.a(alt_load.o)
                0x0000000000008074                alt_load
 .text          0x0000000000008154       0x2c ../HelloWorldSmall_bsp/\libhal_bsp.a(alt_main.o)
                0x0000000000008154                alt_main
 .text          0x0000000000008180       0x38 ../HelloWorldSmall_bsp/\libhal_bsp.a(alt_putstr.o)
                0x0000000000008180                alt_putstr
 .text          0x00000000000081b8       0x24 ../HelloWorldSmall_bsp/\libhal_bsp.a(alt_sys_init.o)
                0x00000000000081b8                alt_irq_init
                0x00000000000081d8                alt_sys_init
 .text          0x00000000000081dc       0x34 ../HelloWorldSmall_bsp/\libhal_bsp.a(altera_avalon_jtag_uart_write.o)
                0x00000000000081dc                altera_avalon_jtag_uart_write
 .text          0x0000000000008210        0x4 ../HelloWorldSmall_bsp/\libhal_bsp.a(alt_dcache_flush_all.o)
                0x0000000000008210                alt_dcache_flush_all
 .text          0x0000000000008214        0xc ../HelloWorldSmall_bsp/\libhal_bsp.a(alt_icache_flush_all.o)
                0x0000000000008214                alt_icache_flush_all
 .text          0x0000000000008220        0x8 ../HelloWorldSmall_bsp/\libhal_bsp.a(altera_nios2_qsys_irq.o)
                0x0000000000008220                altera_nios2_qsys_irq_init
 .text          0x0000000000008228       0x38 ../HelloWorldSmall_bsp/\libhal_bsp.a(alt_icache_flush.o)
                0x0000000000008228                alt_icache_flush
 .text          0x0000000000008260        0x0 c:/altera/16.0/nios2eds/bin/gnu/h-x86_64-mingw32/bin/../lib/gcc/nios2-elf/5.2.0/../../../../../H-x86_64-mingw32/nios2-elf/lib/mno-hw-mul\libsmallc.a(lib_a-strlen.o)
 .text.strlen   0x0000000000008260       0x1c c:/altera/16.0/nios2eds/bin/gnu/h-x86_64-mingw32/bin/../lib/gcc/nios2-elf/5.2.0/../../../../../H-x86_64-mingw32/nios2-elf/lib/mno-hw-mul\libsmallc.a(lib_a-strlen.o)
                0x0000000000008260                strlen
 *(.gnu.warning.*)
 *(.fini)
                [!provide]                        PROVIDE (__etext, ABSOLUTE (.))
                [!provide]                        PROVIDE (_etext, ABSOLUTE (.))
                [!provide]                        PROVIDE (etext, ABSOLUTE (.))
 *(.eh_frame_hdr)
                0x000000000000827c                . = ALIGN (0x4)
                [!provide]                        PROVIDE (__preinit_array_start, ABSOLUTE (.))
 *(.preinit_array)
                [!provide]                        PROVIDE (__preinit_array_end, ABSOLUTE (.))
                [!provide]                        PROVIDE (__init_array_start, ABSOLUTE (.))
 *(.init_array)
                [!provide]                        PROVIDE (__init_array_end, ABSOLUTE (.))
                [!provide]                        PROVIDE (__fini_array_start, ABSOLUTE (.))
 *(.fini_array)
                [!provide]                        PROVIDE (__fini_array_end, ABSOLUTE (.))
 *(.eh_frame)
 *(.gcc_except_table .gcc_except_table.*)
 *(.dynamic)
                [!provide]                        PROVIDE (__CTOR_LIST__, ABSOLUTE (.))
 *(.ctors)
 *(SORT(.ctors.*))
                [!provide]                        PROVIDE (__CTOR_END__, ABSOLUTE (.))
                [!provide]                        PROVIDE (__DTOR_LIST__, ABSOLUTE (.))
 *(.dtors)
 *(SORT(.dtors.*))
                [!provide]                        PROVIDE (__DTOR_END__, ABSOLUTE (.))
 *(.jcr)
                0x000000000000827c                . = ALIGN (0x4)

.rodata         0x000000000000827c       0x18
                0x000000000000827c                PROVIDE (__ram_rodata_start, ABSOLUTE (.))
                0x000000000000827c                . = ALIGN (0x4)
 *(.rodata .rodata.* .gnu.linkonce.r.*)
 .rodata.str1.4
                0x000000000000827c       0x18 obj/default/hello_world_small.o
                                         0x15 (size before relaxing)
 *(.rodata1)
                0x0000000000008294                . = ALIGN (0x4)
                0x0000000000008294                PROVIDE (__ram_rodata_end, ABSOLUTE (.))
                0x000000000000827c                PROVIDE (__flash_rodata_start, LOADADDR (.rodata))

.rwdata         0x0000000000008294        0x4 load address 0x0000000000008298
                0x0000000000008294                PROVIDE (__ram_rwdata_start, ABSOLUTE (.))
                0x0000000000008294                . = ALIGN (0x4)
 *(.got.plt)
 *(.got)
 *(.data1)
 *(.data .data.* .gnu.linkonce.d.*)
 .data          0x0000000000008294        0x0 ../HelloWorldSmall_bsp//obj/HAL/src/crt0.o
 .data          0x0000000000008294        0x0 obj/default/hello_world_small.o
 .data          0x0000000000008294        0x0 ../HelloWorldSmall_bsp/\libhal_bsp.a(alt_load.o)
 .data          0x0000000000008294        0x0 ../HelloWorldSmall_bsp/\libhal_bsp.a(alt_main.o)
 .data          0x0000000000008294        0x0 ../HelloWorldSmall_bsp/\libhal_bsp.a(alt_putstr.o)
 .data          0x0000000000008294        0x0 ../HelloWorldSmall_bsp/\libhal_bsp.a(alt_sys_init.o)
 .data          0x0000000000008294        0x0 ../HelloWorldSmall_bsp/\libhal_bsp.a(altera_avalon_jtag_uart_write.o)
 .data          0x0000000000008294        0x0 ../HelloWorldSmall_bsp/\libhal_bsp.a(alt_dcache_flush_all.o)
 .data          0x0000000000008294        0x0 ../HelloWorldSmall_bsp/\libhal_bsp.a(alt_icache_flush_all.o)
 .data          0x0000000000008294        0x0 ../HelloWorldSmall_bsp/\libhal_bsp.a(altera_nios2_qsys_irq.o)
 .data          0x0000000000008294        0x0 ../HelloWorldSmall_bsp/\libhal_bsp.a(alt_icache_flush.o)
 .data          0x0000000000008294        0x0 c:/altera/16.0/nios2eds/bin/gnu/h-x86_64-mingw32/bin/../lib/gcc/nios2-elf/5.2.0/../../../../../H-x86_64-mingw32/nios2-elf/lib/mno-hw-mul\libsmallc.a(lib_a-strlen.o)
                0x0000000000010294                _gp = ABSOLUTE ((. + 0x8000))
                [!provide]                        PROVIDE (gp, _gp)
 *(.rwdata .rwdata.*)
 *(.sdata .sdata.* .gnu.linkonce.s.*)
 .sdata         0x0000000000008294        0x4 ../HelloWorldSmall_bsp/\libhal_bsp.a(alt_sys_init.o)
                0x0000000000008294                jtag_uart
 *(.sdata2 .sdata2.* .gnu.linkonce.s2.*)
                0x0000000000008298                . = ALIGN (0x4)
                0x0000000000008298                _edata = ABSOLUTE (.)
                [!provide]                        PROVIDE (edata, ABSOLUTE (.))
                0x0000000000008298                PROVIDE (__ram_rwdata_end, ABSOLUTE (.))
                0x0000000000008298                PROVIDE (__flash_rwdata_start, LOADADDR (.rwdata))

.bss            0x000000000000829c        0xc
                0x000000000000829c                __bss_start = ABSOLUTE (.)
                [!provide]                        PROVIDE (__sbss_start, ABSOLUTE (.))
                [!provide]                        PROVIDE (___sbss_start, ABSOLUTE (.))
 *(.dynsbss)
 *(.sbss .sbss.* .gnu.linkonce.sb.*)
 .sbss          0x000000000000829c        0xc ../HelloWorldSmall_bsp/\libhal_bsp.a(alt_main.o)
                0x000000000000829c                alt_envp
                0x00000000000082a0                alt_argv
                0x00000000000082a4                alt_argc
 *(.sbss2 .sbss2.* .gnu.linkonce.sb2.*)
 *(.scommon)
                [!provide]                        PROVIDE (__sbss_end, ABSOLUTE (.))
                [!provide]                        PROVIDE (___sbss_end, ABSOLUTE (.))
 *(.dynbss)
 *(.bss .bss.* .gnu.linkonce.b.*)
 .bss           0x00000000000082a8        0x0 ../HelloWorldSmall_bsp//obj/HAL/src/crt0.o
 .bss           0x00000000000082a8        0x0 obj/default/hello_world_small.o
 .bss           0x00000000000082a8        0x0 ../HelloWorldSmall_bsp/\libhal_bsp.a(alt_load.o)
 .bss           0x00000000000082a8        0x0 ../HelloWorldSmall_bsp/\libhal_bsp.a(alt_main.o)
 .bss           0x00000000000082a8        0x0 ../HelloWorldSmall_bsp/\libhal_bsp.a(alt_putstr.o)
 .bss           0x00000000000082a8        0x0 ../HelloWorldSmall_bsp/\libhal_bsp.a(alt_sys_init.o)
 .bss           0x00000000000082a8        0x0 ../HelloWorldSmall_bsp/\libhal_bsp.a(altera_avalon_jtag_uart_write.o)
 .bss           0x00000000000082a8        0x0 ../HelloWorldSmall_bsp/\libhal_bsp.a(alt_dcache_flush_all.o)
 .bss           0x00000000000082a8        0x0 ../HelloWorldSmall_bsp/\libhal_bsp.a(alt_icache_flush_all.o)
 .bss           0x00000000000082a8        0x0 ../HelloWorldSmall_bsp/\libhal_bsp.a(altera_nios2_qsys_irq.o)
 .bss           0x00000000000082a8        0x0 ../HelloWorldSmall_bsp/\libhal_bsp.a(alt_icache_flush.o)
 .bss           0x00000000000082a8        0x0 c:/altera/16.0/nios2eds/bin/gnu/h-x86_64-mingw32/bin/../lib/gcc/nios2-elf/5.2.0/../../../../../H-x86_64-mingw32/nios2-elf/lib/mno-hw-mul\libsmallc.a(lib_a-strlen.o)
 *(COMMON)
                0x00000000000082a8                . = ALIGN (0x4)
                0x00000000000082a8                __bss_end = ABSOLUTE (.)

.onchip_mem     0x00000000000082a8        0x0
                [!provide]                        PROVIDE (_alt_partition_onchip_mem_start, ABSOLUTE (.))
 *(.onchip_mem .onchip_mem. onchip_mem.*)
                0x00000000000082a8                . = ALIGN (0x4)
                [!provide]                        PROVIDE (_alt_partition_onchip_mem_end, ABSOLUTE (.))
                0x00000000000082a8                _end = ABSOLUTE (.)
                0x00000000000082a8                end = ABSOLUTE (.)
                0x00000000000082a8                __alt_stack_base = ABSOLUTE (.)
                [!provide]                        PROVIDE (_alt_partition_onchip_mem_load_addr, LOADADDR (.onchip_mem))

.stab
 *(.stab)

.stabstr
 *(.stabstr)

.stab.excl
 *(.stab.excl)

.stab.exclstr
 *(.stab.exclstr)

.stab.index
 *(.stab.index)

.stab.indexstr
 *(.stab.indexstr)

.comment        0x0000000000000000       0x23
 *(.comment)
 .comment       0x0000000000000000       0x23 obj/default/hello_world_small.o
                                         0x24 (size before relaxing)
 .comment       0x0000000000000023       0x24 ../HelloWorldSmall_bsp/\libhal_bsp.a(alt_load.o)
 .comment       0x0000000000000023       0x24 ../HelloWorldSmall_bsp/\libhal_bsp.a(alt_main.o)
 .comment       0x0000000000000023       0x24 ../HelloWorldSmall_bsp/\libhal_bsp.a(alt_putstr.o)
 .comment       0x0000000000000023       0x24 ../HelloWorldSmall_bsp/\libhal_bsp.a(alt_sys_init.o)
 .comment       0x0000000000000023       0x24 ../HelloWorldSmall_bsp/\libhal_bsp.a(altera_avalon_jtag_uart_write.o)
 .comment       0x0000000000000023       0x24 ../HelloWorldSmall_bsp/\libhal_bsp.a(alt_dcache_flush_all.o)
 .comment       0x0000000000000023       0x24 ../HelloWorldSmall_bsp/\libhal_bsp.a(alt_icache_flush_all.o)
 .comment       0x0000000000000023       0x24 ../HelloWorldSmall_bsp/\libhal_bsp.a(altera_nios2_qsys_irq.o)
 .comment       0x0000000000000023       0x24 ../HelloWorldSmall_bsp/\libhal_bsp.a(alt_icache_flush.o)
 .comment       0x0000000000000023       0x24 c:/altera/16.0/nios2eds/bin/gnu/h-x86_64-mingw32/bin/../lib/gcc/nios2-elf/5.2.0/../../../../../H-x86_64-mingw32/nios2-elf/lib/mno-hw-mul\libsmallc.a(lib_a-strlen.o)

.debug
 *(.debug)

.line
 *(.line)

.debug_srcinfo
 *(.debug_srcinfo)

.debug_sfnames
 *(.debug_sfnames)

.debug_aranges  0x0000000000000000      0x188
 *(.debug_aranges)
 .debug_aranges
                0x0000000000000000       0x28 ../HelloWorldSmall_bsp//obj/HAL/src/crt0.o
 .debug_aranges
                0x0000000000000028       0x20 obj/default/hello_world_small.o
 .debug_aranges
                0x0000000000000048       0x20 ../HelloWorldSmall_bsp/\libhal_bsp.a(alt_load.o)
 .debug_aranges
                0x0000000000000068       0x20 ../HelloWorldSmall_bsp/\libhal_bsp.a(alt_main.o)
 .debug_aranges
                0x0000000000000088       0x20 ../HelloWorldSmall_bsp/\libhal_bsp.a(alt_putstr.o)
 .debug_aranges
                0x00000000000000a8       0x20 ../HelloWorldSmall_bsp/\libhal_bsp.a(alt_sys_init.o)
 .debug_aranges
                0x00000000000000c8       0x20 ../HelloWorldSmall_bsp/\libhal_bsp.a(altera_avalon_jtag_uart_write.o)
 .debug_aranges
                0x00000000000000e8       0x20 ../HelloWorldSmall_bsp/\libhal_bsp.a(alt_dcache_flush_all.o)
 .debug_aranges
                0x0000000000000108       0x20 ../HelloWorldSmall_bsp/\libhal_bsp.a(alt_icache_flush_all.o)
 .debug_aranges
                0x0000000000000128       0x20 ../HelloWorldSmall_bsp/\libhal_bsp.a(altera_nios2_qsys_irq.o)
 .debug_aranges
                0x0000000000000148       0x20 ../HelloWorldSmall_bsp/\libhal_bsp.a(alt_icache_flush.o)
 .debug_aranges
                0x0000000000000168       0x20 c:/altera/16.0/nios2eds/bin/gnu/h-x86_64-mingw32/bin/../lib/gcc/nios2-elf/5.2.0/../../../../../H-x86_64-mingw32/nios2-elf/lib/mno-hw-mul\libsmallc.a(lib_a-strlen.o)

.debug_pubnames
 *(.debug_pubnames)

.debug_info     0x0000000000000000      0xc22
 *(.debug_info .gnu.linkonce.wi.*)
 .debug_info    0x0000000000000000       0x9a ../HelloWorldSmall_bsp//obj/HAL/src/crt0.o
 .debug_info    0x000000000000009a       0x65 obj/default/hello_world_small.o
 .debug_info    0x00000000000000ff      0x1c9 ../HelloWorldSmall_bsp/\libhal_bsp.a(alt_load.o)
 .debug_info    0x00000000000002c8      0x169 ../HelloWorldSmall_bsp/\libhal_bsp.a(alt_main.o)
 .debug_info    0x0000000000000431      0x13a ../HelloWorldSmall_bsp/\libhal_bsp.a(alt_putstr.o)
 .debug_info    0x000000000000056b      0x19d ../HelloWorldSmall_bsp/\libhal_bsp.a(alt_sys_init.o)
 .debug_info    0x0000000000000708      0x197 ../HelloWorldSmall_bsp/\libhal_bsp.a(altera_avalon_jtag_uart_write.o)
 .debug_info    0x000000000000089f       0x92 ../HelloWorldSmall_bsp/\libhal_bsp.a(alt_dcache_flush_all.o)
 .debug_info    0x0000000000000931       0xb8 ../HelloWorldSmall_bsp/\libhal_bsp.a(alt_icache_flush_all.o)
 .debug_info    0x00000000000009e9       0x92 ../HelloWorldSmall_bsp/\libhal_bsp.a(altera_nios2_qsys_irq.o)
 .debug_info    0x0000000000000a7b       0xde ../HelloWorldSmall_bsp/\libhal_bsp.a(alt_icache_flush.o)
 .debug_info    0x0000000000000b59       0xc9 c:/altera/16.0/nios2eds/bin/gnu/h-x86_64-mingw32/bin/../lib/gcc/nios2-elf/5.2.0/../../../../../H-x86_64-mingw32/nios2-elf/lib/mno-hw-mul\libsmallc.a(lib_a-strlen.o)

.debug_abbrev   0x0000000000000000      0x6ff
 *(.debug_abbrev)
 .debug_abbrev  0x0000000000000000       0x12 ../HelloWorldSmall_bsp//obj/HAL/src/crt0.o
 .debug_abbrev  0x0000000000000012       0x64 obj/default/hello_world_small.o
 .debug_abbrev  0x0000000000000076       0xd8 ../HelloWorldSmall_bsp/\libhal_bsp.a(alt_load.o)
 .debug_abbrev  0x000000000000014e       0xee ../HelloWorldSmall_bsp/\libhal_bsp.a(alt_main.o)
 .debug_abbrev  0x000000000000023c       0xd3 ../HelloWorldSmall_bsp/\libhal_bsp.a(alt_putstr.o)
 .debug_abbrev  0x000000000000030f      0x10e ../HelloWorldSmall_bsp/\libhal_bsp.a(alt_sys_init.o)
 .debug_abbrev  0x000000000000041d       0xd5 ../HelloWorldSmall_bsp/\libhal_bsp.a(altera_avalon_jtag_uart_write.o)
 .debug_abbrev  0x00000000000004f2       0x42 ../HelloWorldSmall_bsp/\libhal_bsp.a(alt_dcache_flush_all.o)
 .debug_abbrev  0x0000000000000534       0x6f ../HelloWorldSmall_bsp/\libhal_bsp.a(alt_icache_flush_all.o)
 .debug_abbrev  0x00000000000005a3       0x42 ../HelloWorldSmall_bsp/\libhal_bsp.a(altera_nios2_qsys_irq.o)
 .debug_abbrev  0x00000000000005e5       0x9b ../HelloWorldSmall_bsp/\libhal_bsp.a(alt_icache_flush.o)
 .debug_abbrev  0x0000000000000680       0x7f c:/altera/16.0/nios2eds/bin/gnu/h-x86_64-mingw32/bin/../lib/gcc/nios2-elf/5.2.0/../../../../../H-x86_64-mingw32/nios2-elf/lib/mno-hw-mul\libsmallc.a(lib_a-strlen.o)

.debug_line     0x0000000000000000      0x7d1
 *(.debug_line)
 .debug_line    0x0000000000000000       0x6c ../HelloWorldSmall_bsp//obj/HAL/src/crt0.o
 .debug_line    0x000000000000006c       0x7c obj/default/hello_world_small.o
 .debug_line    0x00000000000000e8       0xa5 ../HelloWorldSmall_bsp/\libhal_bsp.a(alt_load.o)
 .debug_line    0x000000000000018d       0xbd ../HelloWorldSmall_bsp/\libhal_bsp.a(alt_main.o)
 .debug_line    0x000000000000024a       0x98 ../HelloWorldSmall_bsp/\libhal_bsp.a(alt_putstr.o)
 .debug_line    0x00000000000002e2      0x11a ../HelloWorldSmall_bsp/\libhal_bsp.a(alt_sys_init.o)
 .debug_line    0x00000000000003fc       0xf0 ../HelloWorldSmall_bsp/\libhal_bsp.a(altera_avalon_jtag_uart_write.o)
 .debug_line    0x00000000000004ec       0x4e ../HelloWorldSmall_bsp/\libhal_bsp.a(alt_dcache_flush_all.o)
 .debug_line    0x000000000000053a       0x6e ../HelloWorldSmall_bsp/\libhal_bsp.a(alt_icache_flush_all.o)
 .debug_line    0x00000000000005a8       0x50 ../HelloWorldSmall_bsp/\libhal_bsp.a(altera_nios2_qsys_irq.o)
 .debug_line    0x00000000000005f8       0x7d ../HelloWorldSmall_bsp/\libhal_bsp.a(alt_icache_flush.o)
 .debug_line    0x0000000000000675      0x15c c:/altera/16.0/nios2eds/bin/gnu/h-x86_64-mingw32/bin/../lib/gcc/nios2-elf/5.2.0/../../../../../H-x86_64-mingw32/nios2-elf/lib/mno-hw-mul\libsmallc.a(lib_a-strlen.o)

.debug_frame    0x0000000000000000      0x1b0
 *(.debug_frame)
 .debug_frame   0x0000000000000000       0x28 obj/default/hello_world_small.o
 .debug_frame   0x0000000000000028       0x30 ../HelloWorldSmall_bsp/\libhal_bsp.a(alt_load.o)
 .debug_frame   0x0000000000000058       0x2c ../HelloWorldSmall_bsp/\libhal_bsp.a(alt_main.o)
 .debug_frame   0x0000000000000084       0x30 ../HelloWorldSmall_bsp/\libhal_bsp.a(alt_putstr.o)
 .debug_frame   0x00000000000000b4       0x3c ../HelloWorldSmall_bsp/\libhal_bsp.a(alt_sys_init.o)
 .debug_frame   0x00000000000000f0       0x20 ../HelloWorldSmall_bsp/\libhal_bsp.a(altera_avalon_jtag_uart_write.o)
 .debug_frame   0x0000000000000110       0x20 ../HelloWorldSmall_bsp/\libhal_bsp.a(alt_dcache_flush_all.o)
 .debug_frame   0x0000000000000130       0x20 ../HelloWorldSmall_bsp/\libhal_bsp.a(alt_icache_flush_all.o)
 .debug_frame   0x0000000000000150       0x20 ../HelloWorldSmall_bsp/\libhal_bsp.a(altera_nios2_qsys_irq.o)
 .debug_frame   0x0000000000000170       0x20 ../HelloWorldSmall_bsp/\libhal_bsp.a(alt_icache_flush.o)
 .debug_frame   0x0000000000000190       0x20 c:/altera/16.0/nios2eds/bin/gnu/h-x86_64-mingw32/bin/../lib/gcc/nios2-elf/5.2.0/../../../../../H-x86_64-mingw32/nios2-elf/lib/mno-hw-mul\libsmallc.a(lib_a-strlen.o)

.debug_str      0x0000000000000000      0x698
 *(.debug_str)
 .debug_str     0x0000000000000000       0xbb obj/default/hello_world_small.o
                                         0xc0 (size before relaxing)
 .debug_str     0x00000000000000bb      0x22e ../HelloWorldSmall_bsp/\libhal_bsp.a(alt_load.o)
                                        0x267 (size before relaxing)
 .debug_str     0x00000000000002e9       0x8f ../HelloWorldSmall_bsp/\libhal_bsp.a(alt_main.o)
                                        0x1e0 (size before relaxing)
 .debug_str     0x0000000000000378       0x64 ../HelloWorldSmall_bsp/\libhal_bsp.a(alt_putstr.o)
                                        0x1bb (size before relaxing)
 .debug_str     0x00000000000003dc       0xb9 ../HelloWorldSmall_bsp/\libhal_bsp.a(alt_sys_init.o)
                                        0x287 (size before relaxing)
 .debug_str     0x0000000000000495       0x3f ../HelloWorldSmall_bsp/\libhal_bsp.a(altera_avalon_jtag_uart_write.o)
                                        0x240 (size before relaxing)
 .debug_str     0x00000000000004d4       0x1f ../HelloWorldSmall_bsp/\libhal_bsp.a(alt_dcache_flush_all.o)
                                        0x180 (size before relaxing)
 .debug_str     0x00000000000004f3       0x30 ../HelloWorldSmall_bsp/\libhal_bsp.a(alt_icache_flush_all.o)
                                        0x191 (size before relaxing)
 .debug_str     0x0000000000000523       0x20 ../HelloWorldSmall_bsp/\libhal_bsp.a(altera_nios2_qsys_irq.o)
                                        0x187 (size before relaxing)
 .debug_str     0x0000000000000543       0x1b ../HelloWorldSmall_bsp/\libhal_bsp.a(alt_icache_flush.o)
                                        0x186 (size before relaxing)
 .debug_str     0x000000000000055e      0x13a c:/altera/16.0/nios2eds/bin/gnu/h-x86_64-mingw32/bin/../lib/gcc/nios2-elf/5.2.0/../../../../../H-x86_64-mingw32/nios2-elf/lib/mno-hw-mul\libsmallc.a(lib_a-strlen.o)
                                        0x1e5 (size before relaxing)

.debug_loc      0x0000000000000000      0x153
 *(.debug_loc)
 .debug_loc     0x0000000000000000       0x37 ../HelloWorldSmall_bsp/\libhal_bsp.a(alt_putstr.o)
 .debug_loc     0x0000000000000037       0x21 ../HelloWorldSmall_bsp/\libhal_bsp.a(alt_sys_init.o)
 .debug_loc     0x0000000000000058       0x8b ../HelloWorldSmall_bsp/\libhal_bsp.a(altera_avalon_jtag_uart_write.o)
 .debug_loc     0x00000000000000e3       0x52 ../HelloWorldSmall_bsp/\libhal_bsp.a(alt_icache_flush.o)
 .debug_loc     0x0000000000000135       0x1e c:/altera/16.0/nios2eds/bin/gnu/h-x86_64-mingw32/bin/../lib/gcc/nios2-elf/5.2.0/../../../../../H-x86_64-mingw32/nios2-elf/lib/mno-hw-mul\libsmallc.a(lib_a-strlen.o)

.debug_macinfo
 *(.debug_macinfo)

.debug_weaknames
 *(.debug_weaknames)

.debug_funcnames
 *(.debug_funcnames)

.debug_typenames
 *(.debug_typenames)

.debug_varnames
 *(.debug_varnames)

.debug_alt_sim_info
                0x0000000000000000       0x20
 *(.debug_alt_sim_info)
 .debug_alt_sim_info
                0x0000000000000000       0x20 ../HelloWorldSmall_bsp//obj/HAL/src/crt0.o
                0x000000000000d000                __alt_data_end = 0xd000
                0x000000000000d000                PROVIDE (__alt_stack_pointer, __alt_data_end)
                [!provide]                        PROVIDE (__alt_stack_limit, __alt_stack_base)
                [!provide]                        PROVIDE (__alt_heap_start, end)
                [!provide]                        PROVIDE (__alt_heap_limit, 0xd000)
OUTPUT(HelloWorldSmall.elf elf32-littlenios2)

.debug_ranges   0x0000000000000000       0x98
 .debug_ranges  0x0000000000000000       0x20 ../HelloWorldSmall_bsp//obj/HAL/src/crt0.o
 .debug_ranges  0x0000000000000020       0x10 obj/default/hello_world_small.o
 .debug_ranges  0x0000000000000030       0x48 ../HelloWorldSmall_bsp/\libhal_bsp.a(alt_load.o)
 .debug_ranges  0x0000000000000078       0x10 ../HelloWorldSmall_bsp/\libhal_bsp.a(alt_icache_flush.o)
 .debug_ranges  0x0000000000000088       0x10 c:/altera/16.0/nios2eds/bin/gnu/h-x86_64-mingw32/bin/../lib/gcc/nios2-elf/5.2.0/../../../../../H-x86_64-mingw32/nios2-elf/lib/mno-hw-mul\libsmallc.a(lib_a-strlen.o)
