Archive member included to satisfy reference by file (symbol)

../lightsAndSwitches_bsp/\libhal_bsp.a(alt_load.o)
                              ../lightsAndSwitches_bsp//obj/HAL/src/crt0.o (alt_load)
../lightsAndSwitches_bsp/\libhal_bsp.a(alt_main.o)
                              ../lightsAndSwitches_bsp//obj/HAL/src/crt0.o (alt_main)
../lightsAndSwitches_bsp/\libhal_bsp.a(alt_sys_init.o)
                              ../lightsAndSwitches_bsp/\libhal_bsp.a(alt_main.o) (alt_irq_init)
../lightsAndSwitches_bsp/\libhal_bsp.a(alt_dcache_flush_all.o)
                              ../lightsAndSwitches_bsp/\libhal_bsp.a(alt_load.o) (alt_dcache_flush_all)
../lightsAndSwitches_bsp/\libhal_bsp.a(alt_icache_flush_all.o)
                              ../lightsAndSwitches_bsp/\libhal_bsp.a(alt_load.o) (alt_icache_flush_all)
../lightsAndSwitches_bsp/\libhal_bsp.a(altera_nios2_qsys_irq.o)
                              ../lightsAndSwitches_bsp/\libhal_bsp.a(alt_sys_init.o) (altera_nios2_qsys_irq_init)
../lightsAndSwitches_bsp/\libhal_bsp.a(alt_icache_flush.o)
                              ../lightsAndSwitches_bsp/\libhal_bsp.a(alt_icache_flush_all.o) (alt_icache_flush)

Memory Configuration

Name             Origin             Length             Attributes
reset            0x0000000000008000 0x0000000000000020
onchip_mem       0x0000000000008020 0x0000000000004fe0
*default*        0x0000000000000000 0xffffffffffffffff

Linker script and memory map

LOAD ../lightsAndSwitches_bsp//obj/HAL/src/crt0.o
LOAD obj/default/lightsAndSwitches.o
LOAD c:/altera/16.0/nios2eds/bin/gnu/h-x86_64-mingw32/bin/../lib/gcc/nios2-elf/5.2.0/../../../../../H-x86_64-mingw32/nios2-elf/lib/mno-hw-mul\libstdc++.a
LOAD c:/altera/16.0/nios2eds/bin/gnu/h-x86_64-mingw32/bin/../lib/gcc/nios2-elf/5.2.0/../../../../../H-x86_64-mingw32/nios2-elf/lib/mno-hw-mul\libm.a
LOAD c:/altera/16.0/nios2eds/bin/gnu/h-x86_64-mingw32/bin/../lib/gcc/nios2-elf/5.2.0/mno-hw-mul\libgcc.a
START GROUP
LOAD c:/altera/16.0/nios2eds/bin/gnu/h-x86_64-mingw32/bin/../lib/gcc/nios2-elf/5.2.0/../../../../../H-x86_64-mingw32/nios2-elf/lib/mno-hw-mul\libsmallc.a
LOAD c:/altera/16.0/nios2eds/bin/gnu/h-x86_64-mingw32/bin/../lib/gcc/nios2-elf/5.2.0/mno-hw-mul\libgcc.a
LOAD ../lightsAndSwitches_bsp/\libhal_bsp.a
LOAD c:/altera/16.0/nios2eds/bin/gnu/h-x86_64-mingw32/bin/../lib/gcc/nios2-elf/5.2.0/../../../../../H-x86_64-mingw32/nios2-elf/lib/mno-hw-mul\libm.a
END GROUP
LOAD c:/altera/16.0/nios2eds/bin/gnu/h-x86_64-mingw32/bin/../lib/gcc/nios2-elf/5.2.0/mno-hw-mul\libgcc.a
                0x0000000000008000                __alt_mem_onchip_mem = 0x8000

.entry          0x0000000000008000       0x20
 *(.entry)
 .entry         0x0000000000008000       0x20 ../lightsAndSwitches_bsp//obj/HAL/src/crt0.o
                0x0000000000008000                __reset
                0x000000000000801c                _exit

.exceptions     0x0000000000008020        0x0
                0x0000000000008020                PROVIDE (__ram_exceptions_start, ABSOLUTE (.))
                0x0000000000008020                . = ALIGN (0x20)
 *(.irq)
 *(.exceptions.entry.label)
 *(.exceptions.entry.user)
 *(.exceptions.entry.ecc_fatal)
 *(.exceptions.entry)
 *(.exceptions.irqtest.user)
 *(.exceptions.irqtest)
 *(.exceptions.irqhandler.user)
 *(.exceptions.irqhandler)
 *(.exceptions.irqreturn.user)
 *(.exceptions.irqreturn)
 *(.exceptions.notirq.label)
 *(.exceptions.notirq.user)
 *(.exceptions.notirq)
 *(.exceptions.soft.user)
 *(.exceptions.soft)
 *(.exceptions.unknown.user)
 *(.exceptions.unknown)
 *(.exceptions.exit.label)
 *(.exceptions.exit.user)
 *(.exceptions.exit)
 *(.exceptions)
                0x0000000000008020                PROVIDE (__ram_exceptions_end, ABSOLUTE (.))
                0x0000000000008020                PROVIDE (__flash_exceptions_start, LOADADDR (.exceptions))

.text           0x0000000000008020      0x1d8
                [!provide]                        PROVIDE (stext, ABSOLUTE (.))
 *(.interp)
 *(.hash)
 *(.dynsym)
 *(.dynstr)
 *(.gnu.version)
 *(.gnu.version_d)
 *(.gnu.version_r)
 *(.rel.init)
 *(.rela.init)
 *(.rel.text .rel.text.* .rel.gnu.linkonce.t.*)
 *(.rela.text .rela.text.* .rela.gnu.linkonce.t.*)
 *(.rel.fini)
 *(.rela.fini)
 *(.rel.rodata .rel.rodata.* .rel.gnu.linkonce.r.*)
 *(.rela.rodata .rela.rodata.* .rela.gnu.linkonce.r.*)
 *(.rel.data .rel.data.* .rel.gnu.linkonce.d.*)
 *(.rela.data .rela.data.* .rela.gnu.linkonce.d.*)
 *(.rel.tdata .rel.tdata.* .rel.gnu.linkonce.td.*)
 *(.rela.tdata .rela.tdata.* .rela.gnu.linkonce.td.*)
 *(.rel.tbss .rel.tbss.* .rel.gnu.linkonce.tb.*)
 *(.rela.tbss .rela.tbss.* .rela.gnu.linkonce.tb.*)
 *(.rel.ctors)
 *(.rela.ctors)
 *(.rel.dtors)
 *(.rela.dtors)
 *(.rel.got)
 *(.rela.got)
 *(.rel.sdata .rel.sdata.* .rel.gnu.linkonce.s.*)
 *(.rela.sdata .rela.sdata.* .rela.gnu.linkonce.s.*)
 *(.rel.sbss .rel.sbss.* .rel.gnu.linkonce.sb.*)
 *(.rela.sbss .rela.sbss.* .rela.gnu.linkonce.sb.*)
 *(.rel.sdata2 .rel.sdata2.* .rel.gnu.linkonce.s2.*)
 *(.rela.sdata2 .rela.sdata2.* .rela.gnu.linkonce.s2.*)
 *(.rel.sbss2 .rel.sbss2.* .rel.gnu.linkonce.sb2.*)
 *(.rela.sbss2 .rela.sbss2.* .rela.gnu.linkonce.sb2.*)
 *(.rel.bss .rel.bss.* .rel.gnu.linkonce.b.*)
 *(.rela.bss .rela.bss.* .rela.gnu.linkonce.b.*)
 *(.rel.plt)
 *(.rela.plt)
 *(.rel.dyn)
 *(.init)
 *(.plt)
 *(.text .stub .text.* .gnu.linkonce.t.*)
 .text          0x0000000000008020       0x3c ../lightsAndSwitches_bsp//obj/HAL/src/crt0.o
                0x0000000000008020                _start
 .text          0x000000000000805c        0x0 obj/default/lightsAndSwitches.o
 .text.startup  0x000000000000805c       0x1c obj/default/lightsAndSwitches.o
                0x000000000000805c                main
 .text          0x0000000000008078       0xe0 ../lightsAndSwitches_bsp/\libhal_bsp.a(alt_load.o)
                0x0000000000008078                alt_load
 .text          0x0000000000008158       0x2c ../lightsAndSwitches_bsp/\libhal_bsp.a(alt_main.o)
                0x0000000000008158                alt_main
 .text          0x0000000000008184       0x24 ../lightsAndSwitches_bsp/\libhal_bsp.a(alt_sys_init.o)
                0x0000000000008184                alt_irq_init
                0x00000000000081a4                alt_sys_init
 .text          0x00000000000081a8        0x4 ../lightsAndSwitches_bsp/\libhal_bsp.a(alt_dcache_flush_all.o)
                0x00000000000081a8                alt_dcache_flush_all
 .text          0x00000000000081ac        0xc ../lightsAndSwitches_bsp/\libhal_bsp.a(alt_icache_flush_all.o)
                0x00000000000081ac                alt_icache_flush_all
 .text          0x00000000000081b8        0x8 ../lightsAndSwitches_bsp/\libhal_bsp.a(altera_nios2_qsys_irq.o)
                0x00000000000081b8                altera_nios2_qsys_irq_init
 .text          0x00000000000081c0       0x38 ../lightsAndSwitches_bsp/\libhal_bsp.a(alt_icache_flush.o)
                0x00000000000081c0                alt_icache_flush
 *(.gnu.warning.*)
 *(.fini)
                [!provide]                        PROVIDE (__etext, ABSOLUTE (.))
                [!provide]                        PROVIDE (_etext, ABSOLUTE (.))
                [!provide]                        PROVIDE (etext, ABSOLUTE (.))
 *(.eh_frame_hdr)
                0x00000000000081f8                . = ALIGN (0x4)
                [!provide]                        PROVIDE (__preinit_array_start, ABSOLUTE (.))
 *(.preinit_array)
                [!provide]                        PROVIDE (__preinit_array_end, ABSOLUTE (.))
                [!provide]                        PROVIDE (__init_array_start, ABSOLUTE (.))
 *(.init_array)
                [!provide]                        PROVIDE (__init_array_end, ABSOLUTE (.))
                [!provide]                        PROVIDE (__fini_array_start, ABSOLUTE (.))
 *(.fini_array)
                [!provide]                        PROVIDE (__fini_array_end, ABSOLUTE (.))
 *(.eh_frame)
 *(.gcc_except_table .gcc_except_table.*)
 *(.dynamic)
                [!provide]                        PROVIDE (__CTOR_LIST__, ABSOLUTE (.))
 *(.ctors)
 *(SORT(.ctors.*))
                [!provide]                        PROVIDE (__CTOR_END__, ABSOLUTE (.))
                [!provide]                        PROVIDE (__DTOR_LIST__, ABSOLUTE (.))
 *(.dtors)
 *(SORT(.dtors.*))
                [!provide]                        PROVIDE (__DTOR_END__, ABSOLUTE (.))
 *(.jcr)
                0x00000000000081f8                . = ALIGN (0x4)

.rodata         0x00000000000081f8        0x0
                0x00000000000081f8                PROVIDE (__ram_rodata_start, ABSOLUTE (.))
                0x00000000000081f8                . = ALIGN (0x4)
 *(.rodata .rodata.* .gnu.linkonce.r.*)
 *(.rodata1)
                0x00000000000081f8                . = ALIGN (0x4)
                0x00000000000081f8                PROVIDE (__ram_rodata_end, ABSOLUTE (.))
                0x00000000000081f8                PROVIDE (__flash_rodata_start, LOADADDR (.rodata))

.rwdata         0x00000000000081f8        0x4 load address 0x00000000000081fc
                0x00000000000081f8                PROVIDE (__ram_rwdata_start, ABSOLUTE (.))
                0x00000000000081f8                . = ALIGN (0x4)
 *(.got.plt)
 *(.got)
 *(.data1)
 *(.data .data.* .gnu.linkonce.d.*)
 .data          0x00000000000081f8        0x0 ../lightsAndSwitches_bsp//obj/HAL/src/crt0.o
 .data          0x00000000000081f8        0x0 obj/default/lightsAndSwitches.o
 .data          0x00000000000081f8        0x0 ../lightsAndSwitches_bsp/\libhal_bsp.a(alt_load.o)
 .data          0x00000000000081f8        0x0 ../lightsAndSwitches_bsp/\libhal_bsp.a(alt_main.o)
 .data          0x00000000000081f8        0x0 ../lightsAndSwitches_bsp/\libhal_bsp.a(alt_sys_init.o)
 .data          0x00000000000081f8        0x0 ../lightsAndSwitches_bsp/\libhal_bsp.a(alt_dcache_flush_all.o)
 .data          0x00000000000081f8        0x0 ../lightsAndSwitches_bsp/\libhal_bsp.a(alt_icache_flush_all.o)
 .data          0x00000000000081f8        0x0 ../lightsAndSwitches_bsp/\libhal_bsp.a(altera_nios2_qsys_irq.o)
 .data          0x00000000000081f8        0x0 ../lightsAndSwitches_bsp/\libhal_bsp.a(alt_icache_flush.o)
                0x00000000000101f8                _gp = ABSOLUTE ((. + 0x8000))
                [!provide]                        PROVIDE (gp, _gp)
 *(.rwdata .rwdata.*)
 *(.sdata .sdata.* .gnu.linkonce.s.*)
 .sdata         0x00000000000081f8        0x4 ../lightsAndSwitches_bsp/\libhal_bsp.a(alt_sys_init.o)
                0x00000000000081f8                jtag_uart
 *(.sdata2 .sdata2.* .gnu.linkonce.s2.*)
                0x00000000000081fc                . = ALIGN (0x4)
                0x00000000000081fc                _edata = ABSOLUTE (.)
                [!provide]                        PROVIDE (edata, ABSOLUTE (.))
                0x00000000000081fc                PROVIDE (__ram_rwdata_end, ABSOLUTE (.))
                0x00000000000081fc                PROVIDE (__flash_rwdata_start, LOADADDR (.rwdata))

.bss            0x0000000000008200        0xc
                0x0000000000008200                __bss_start = ABSOLUTE (.)
                [!provide]                        PROVIDE (__sbss_start, ABSOLUTE (.))
                [!provide]                        PROVIDE (___sbss_start, ABSOLUTE (.))
 *(.dynsbss)
 *(.sbss .sbss.* .gnu.linkonce.sb.*)
 .sbss          0x0000000000008200        0xc ../lightsAndSwitches_bsp/\libhal_bsp.a(alt_main.o)
                0x0000000000008200                alt_envp
                0x0000000000008204                alt_argv
                0x0000000000008208                alt_argc
 *(.sbss2 .sbss2.* .gnu.linkonce.sb2.*)
 *(.scommon)
                [!provide]                        PROVIDE (__sbss_end, ABSOLUTE (.))
                [!provide]                        PROVIDE (___sbss_end, ABSOLUTE (.))
 *(.dynbss)
 *(.bss .bss.* .gnu.linkonce.b.*)
 .bss           0x000000000000820c        0x0 ../lightsAndSwitches_bsp//obj/HAL/src/crt0.o
 .bss           0x000000000000820c        0x0 obj/default/lightsAndSwitches.o
 .bss           0x000000000000820c        0x0 ../lightsAndSwitches_bsp/\libhal_bsp.a(alt_load.o)
 .bss           0x000000000000820c        0x0 ../lightsAndSwitches_bsp/\libhal_bsp.a(alt_main.o)
 .bss           0x000000000000820c        0x0 ../lightsAndSwitches_bsp/\libhal_bsp.a(alt_sys_init.o)
 .bss           0x000000000000820c        0x0 ../lightsAndSwitches_bsp/\libhal_bsp.a(alt_dcache_flush_all.o)
 .bss           0x000000000000820c        0x0 ../lightsAndSwitches_bsp/\libhal_bsp.a(alt_icache_flush_all.o)
 .bss           0x000000000000820c        0x0 ../lightsAndSwitches_bsp/\libhal_bsp.a(altera_nios2_qsys_irq.o)
 .bss           0x000000000000820c        0x0 ../lightsAndSwitches_bsp/\libhal_bsp.a(alt_icache_flush.o)
 *(COMMON)
                0x000000000000820c                . = ALIGN (0x4)
                0x000000000000820c                __bss_end = ABSOLUTE (.)

.onchip_mem     0x000000000000820c        0x0
                [!provide]                        PROVIDE (_alt_partition_onchip_mem_start, ABSOLUTE (.))
 *(.onchip_mem .onchip_mem. onchip_mem.*)
                0x000000000000820c                . = ALIGN (0x4)
                [!provide]                        PROVIDE (_alt_partition_onchip_mem_end, ABSOLUTE (.))
                0x000000000000820c                _end = ABSOLUTE (.)
                0x000000000000820c                end = ABSOLUTE (.)
                0x000000000000820c                __alt_stack_base = ABSOLUTE (.)
                [!provide]                        PROVIDE (_alt_partition_onchip_mem_load_addr, LOADADDR (.onchip_mem))

.stab
 *(.stab)

.stabstr
 *(.stabstr)

.stab.excl
 *(.stab.excl)

.stab.exclstr
 *(.stab.exclstr)

.stab.index
 *(.stab.index)

.stab.indexstr
 *(.stab.indexstr)

.comment        0x0000000000000000       0x23
 *(.comment)
 .comment       0x0000000000000000       0x23 obj/default/lightsAndSwitches.o
                                         0x24 (size before relaxing)
 .comment       0x0000000000000023       0x24 ../lightsAndSwitches_bsp/\libhal_bsp.a(alt_load.o)
 .comment       0x0000000000000023       0x24 ../lightsAndSwitches_bsp/\libhal_bsp.a(alt_main.o)
 .comment       0x0000000000000023       0x24 ../lightsAndSwitches_bsp/\libhal_bsp.a(alt_sys_init.o)
 .comment       0x0000000000000023       0x24 ../lightsAndSwitches_bsp/\libhal_bsp.a(alt_dcache_flush_all.o)
 .comment       0x0000000000000023       0x24 ../lightsAndSwitches_bsp/\libhal_bsp.a(alt_icache_flush_all.o)
 .comment       0x0000000000000023       0x24 ../lightsAndSwitches_bsp/\libhal_bsp.a(altera_nios2_qsys_irq.o)
 .comment       0x0000000000000023       0x24 ../lightsAndSwitches_bsp/\libhal_bsp.a(alt_icache_flush.o)

.debug
 *(.debug)

.line
 *(.line)

.debug_srcinfo
 *(.debug_srcinfo)

.debug_sfnames
 *(.debug_sfnames)

.debug_aranges  0x0000000000000000      0x128
 *(.debug_aranges)
 .debug_aranges
                0x0000000000000000       0x28 ../lightsAndSwitches_bsp//obj/HAL/src/crt0.o
 .debug_aranges
                0x0000000000000028       0x20 obj/default/lightsAndSwitches.o
 .debug_aranges
                0x0000000000000048       0x20 ../lightsAndSwitches_bsp/\libhal_bsp.a(alt_load.o)
 .debug_aranges
                0x0000000000000068       0x20 ../lightsAndSwitches_bsp/\libhal_bsp.a(alt_main.o)
 .debug_aranges
                0x0000000000000088       0x20 ../lightsAndSwitches_bsp/\libhal_bsp.a(alt_sys_init.o)
 .debug_aranges
                0x00000000000000a8       0x20 ../lightsAndSwitches_bsp/\libhal_bsp.a(alt_dcache_flush_all.o)
 .debug_aranges
                0x00000000000000c8       0x20 ../lightsAndSwitches_bsp/\libhal_bsp.a(alt_icache_flush_all.o)
 .debug_aranges
                0x00000000000000e8       0x20 ../lightsAndSwitches_bsp/\libhal_bsp.a(altera_nios2_qsys_irq.o)
 .debug_aranges
                0x0000000000000108       0x20 ../lightsAndSwitches_bsp/\libhal_bsp.a(alt_icache_flush.o)

.debug_pubnames
 *(.debug_pubnames)

.debug_info     0x0000000000000000      0x859
 *(.debug_info .gnu.linkonce.wi.*)
 .debug_info    0x0000000000000000       0x8e ../lightsAndSwitches_bsp//obj/HAL/src/crt0.o
 .debug_info    0x000000000000008e       0x42 obj/default/lightsAndSwitches.o
 .debug_info    0x00000000000000d0      0x1c9 ../lightsAndSwitches_bsp/\libhal_bsp.a(alt_load.o)
 .debug_info    0x0000000000000299      0x169 ../lightsAndSwitches_bsp/\libhal_bsp.a(alt_main.o)
 .debug_info    0x0000000000000402      0x19d ../lightsAndSwitches_bsp/\libhal_bsp.a(alt_sys_init.o)
 .debug_info    0x000000000000059f       0x92 ../lightsAndSwitches_bsp/\libhal_bsp.a(alt_dcache_flush_all.o)
 .debug_info    0x0000000000000631       0xb8 ../lightsAndSwitches_bsp/\libhal_bsp.a(alt_icache_flush_all.o)
 .debug_info    0x00000000000006e9       0x92 ../lightsAndSwitches_bsp/\libhal_bsp.a(altera_nios2_qsys_irq.o)
 .debug_info    0x000000000000077b       0xde ../lightsAndSwitches_bsp/\libhal_bsp.a(alt_icache_flush.o)

.debug_abbrev   0x0000000000000000      0x4ae
 *(.debug_abbrev)
 .debug_abbrev  0x0000000000000000       0x12 ../lightsAndSwitches_bsp//obj/HAL/src/crt0.o
 .debug_abbrev  0x0000000000000012       0x3a obj/default/lightsAndSwitches.o
 .debug_abbrev  0x000000000000004c       0xd8 ../lightsAndSwitches_bsp/\libhal_bsp.a(alt_load.o)
 .debug_abbrev  0x0000000000000124       0xee ../lightsAndSwitches_bsp/\libhal_bsp.a(alt_main.o)
 .debug_abbrev  0x0000000000000212      0x10e ../lightsAndSwitches_bsp/\libhal_bsp.a(alt_sys_init.o)
 .debug_abbrev  0x0000000000000320       0x42 ../lightsAndSwitches_bsp/\libhal_bsp.a(alt_dcache_flush_all.o)
 .debug_abbrev  0x0000000000000362       0x6f ../lightsAndSwitches_bsp/\libhal_bsp.a(alt_icache_flush_all.o)
 .debug_abbrev  0x00000000000003d1       0x42 ../lightsAndSwitches_bsp/\libhal_bsp.a(altera_nios2_qsys_irq.o)
 .debug_abbrev  0x0000000000000413       0x9b ../lightsAndSwitches_bsp/\libhal_bsp.a(alt_icache_flush.o)

.debug_line     0x0000000000000000      0x4b9
 *(.debug_line)
 .debug_line    0x0000000000000000       0x6c ../lightsAndSwitches_bsp//obj/HAL/src/crt0.o
 .debug_line    0x000000000000006c       0x48 obj/default/lightsAndSwitches.o
 .debug_line    0x00000000000000b4       0xa5 ../lightsAndSwitches_bsp/\libhal_bsp.a(alt_load.o)
 .debug_line    0x0000000000000159       0xbd ../lightsAndSwitches_bsp/\libhal_bsp.a(alt_main.o)
 .debug_line    0x0000000000000216      0x11a ../lightsAndSwitches_bsp/\libhal_bsp.a(alt_sys_init.o)
 .debug_line    0x0000000000000330       0x4e ../lightsAndSwitches_bsp/\libhal_bsp.a(alt_dcache_flush_all.o)
 .debug_line    0x000000000000037e       0x6e ../lightsAndSwitches_bsp/\libhal_bsp.a(alt_icache_flush_all.o)
 .debug_line    0x00000000000003ec       0x50 ../lightsAndSwitches_bsp/\libhal_bsp.a(altera_nios2_qsys_irq.o)
 .debug_line    0x000000000000043c       0x7d ../lightsAndSwitches_bsp/\libhal_bsp.a(alt_icache_flush.o)

.debug_frame    0x0000000000000000      0x138
 *(.debug_frame)
 .debug_frame   0x0000000000000000       0x20 obj/default/lightsAndSwitches.o
 .debug_frame   0x0000000000000020       0x30 ../lightsAndSwitches_bsp/\libhal_bsp.a(alt_load.o)
 .debug_frame   0x0000000000000050       0x2c ../lightsAndSwitches_bsp/\libhal_bsp.a(alt_main.o)
 .debug_frame   0x000000000000007c       0x3c ../lightsAndSwitches_bsp/\libhal_bsp.a(alt_sys_init.o)
 .debug_frame   0x00000000000000b8       0x20 ../lightsAndSwitches_bsp/\libhal_bsp.a(alt_dcache_flush_all.o)
 .debug_frame   0x00000000000000d8       0x20 ../lightsAndSwitches_bsp/\libhal_bsp.a(alt_icache_flush_all.o)
 .debug_frame   0x00000000000000f8       0x20 ../lightsAndSwitches_bsp/\libhal_bsp.a(altera_nios2_qsys_irq.o)
 .debug_frame   0x0000000000000118       0x20 ../lightsAndSwitches_bsp/\libhal_bsp.a(alt_icache_flush.o)

.debug_str      0x0000000000000000      0x4c2
 *(.debug_str)
 .debug_str     0x0000000000000000       0xa4 obj/default/lightsAndSwitches.o
                                         0xa9 (size before relaxing)
 .debug_str     0x00000000000000a4      0x222 ../lightsAndSwitches_bsp/\libhal_bsp.a(alt_load.o)
                                        0x25b (size before relaxing)
 .debug_str     0x00000000000002c6       0x8f ../lightsAndSwitches_bsp/\libhal_bsp.a(alt_main.o)
                                        0x1d4 (size before relaxing)
 .debug_str     0x0000000000000355       0xe3 ../lightsAndSwitches_bsp/\libhal_bsp.a(alt_sys_init.o)
                                        0x27b (size before relaxing)
 .debug_str     0x0000000000000438       0x1f ../lightsAndSwitches_bsp/\libhal_bsp.a(alt_dcache_flush_all.o)
                                        0x174 (size before relaxing)
 .debug_str     0x0000000000000457       0x30 ../lightsAndSwitches_bsp/\libhal_bsp.a(alt_icache_flush_all.o)
                                        0x185 (size before relaxing)
 .debug_str     0x0000000000000487       0x20 ../lightsAndSwitches_bsp/\libhal_bsp.a(altera_nios2_qsys_irq.o)
                                        0x17b (size before relaxing)
 .debug_str     0x00000000000004a7       0x1b ../lightsAndSwitches_bsp/\libhal_bsp.a(alt_icache_flush.o)
                                        0x17a (size before relaxing)

.debug_loc      0x0000000000000000       0x73
 *(.debug_loc)
 .debug_loc     0x0000000000000000       0x21 ../lightsAndSwitches_bsp/\libhal_bsp.a(alt_sys_init.o)
 .debug_loc     0x0000000000000021       0x52 ../lightsAndSwitches_bsp/\libhal_bsp.a(alt_icache_flush.o)

.debug_macinfo
 *(.debug_macinfo)

.debug_weaknames
 *(.debug_weaknames)

.debug_funcnames
 *(.debug_funcnames)

.debug_typenames
 *(.debug_typenames)

.debug_varnames
 *(.debug_varnames)

.debug_alt_sim_info
                0x0000000000000000       0x20
 *(.debug_alt_sim_info)
 .debug_alt_sim_info
                0x0000000000000000       0x20 ../lightsAndSwitches_bsp//obj/HAL/src/crt0.o
                0x000000000000d000                __alt_data_end = 0xd000
                0x000000000000d000                PROVIDE (__alt_stack_pointer, __alt_data_end)
                [!provide]                        PROVIDE (__alt_stack_limit, __alt_stack_base)
                [!provide]                        PROVIDE (__alt_heap_start, end)
                [!provide]                        PROVIDE (__alt_heap_limit, 0xd000)
OUTPUT(lightsAndSwitches.elf elf32-littlenios2)

.debug_ranges   0x0000000000000000       0x88
 .debug_ranges  0x0000000000000000       0x20 ../lightsAndSwitches_bsp//obj/HAL/src/crt0.o
 .debug_ranges  0x0000000000000020       0x10 obj/default/lightsAndSwitches.o
 .debug_ranges  0x0000000000000030       0x48 ../lightsAndSwitches_bsp/\libhal_bsp.a(alt_load.o)
 .debug_ranges  0x0000000000000078       0x10 ../lightsAndSwitches_bsp/\libhal_bsp.a(alt_icache_flush.o)
