Archive member included to satisfy reference by file (symbol)

../myCountBinary_bsp/\libhal_bsp.a(alt_load.o)
                              ../myCountBinary_bsp//obj/HAL/src/crt0.o (alt_load)
../myCountBinary_bsp/\libhal_bsp.a(alt_main.o)
                              ../myCountBinary_bsp//obj/HAL/src/crt0.o (alt_main)
../myCountBinary_bsp/\libhal_bsp.a(alt_usleep.o)
                              obj/default/hello_world_small.o (usleep)
../myCountBinary_bsp/\libhal_bsp.a(alt_sys_init.o)
                              ../myCountBinary_bsp/\libhal_bsp.a(alt_main.o) (alt_irq_init)
../myCountBinary_bsp/\libhal_bsp.a(alt_busy_sleep.o)
                              ../myCountBinary_bsp/\libhal_bsp.a(alt_usleep.o) (alt_busy_sleep)
../myCountBinary_bsp/\libhal_bsp.a(alt_dcache_flush_all.o)
                              ../myCountBinary_bsp/\libhal_bsp.a(alt_load.o) (alt_dcache_flush_all)
../myCountBinary_bsp/\libhal_bsp.a(alt_icache_flush_all.o)
                              ../myCountBinary_bsp/\libhal_bsp.a(alt_load.o) (alt_icache_flush_all)
../myCountBinary_bsp/\libhal_bsp.a(altera_nios2_qsys_irq.o)
                              ../myCountBinary_bsp/\libhal_bsp.a(alt_sys_init.o) (altera_nios2_qsys_irq_init)
../myCountBinary_bsp/\libhal_bsp.a(alt_icache_flush.o)
                              ../myCountBinary_bsp/\libhal_bsp.a(alt_icache_flush_all.o) (alt_icache_flush)
c:/altera/16.0/nios2eds/bin/gnu/h-x86_64-mingw32/bin/../lib/gcc/nios2-elf/5.2.0/mno-hw-mul\libgcc.a(lib2-divmod.o)
                              ../myCountBinary_bsp/\libhal_bsp.a(alt_busy_sleep.o) (__udivsi3)

Memory Configuration

Name             Origin             Length             Attributes
reset            0x0000000000008000 0x0000000000000020
onchip_mem       0x0000000000008020 0x0000000000004fe0
*default*        0x0000000000000000 0xffffffffffffffff

Linker script and memory map

LOAD ../myCountBinary_bsp//obj/HAL/src/crt0.o
LOAD obj/default/hello_world_small.o
LOAD c:/altera/16.0/nios2eds/bin/gnu/h-x86_64-mingw32/bin/../lib/gcc/nios2-elf/5.2.0/../../../../../H-x86_64-mingw32/nios2-elf/lib/mno-hw-mul\libstdc++.a
LOAD c:/altera/16.0/nios2eds/bin/gnu/h-x86_64-mingw32/bin/../lib/gcc/nios2-elf/5.2.0/../../../../../H-x86_64-mingw32/nios2-elf/lib/mno-hw-mul\libm.a
LOAD c:/altera/16.0/nios2eds/bin/gnu/h-x86_64-mingw32/bin/../lib/gcc/nios2-elf/5.2.0/mno-hw-mul\libgcc.a
START GROUP
LOAD c:/altera/16.0/nios2eds/bin/gnu/h-x86_64-mingw32/bin/../lib/gcc/nios2-elf/5.2.0/../../../../../H-x86_64-mingw32/nios2-elf/lib/mno-hw-mul\libsmallc.a
LOAD c:/altera/16.0/nios2eds/bin/gnu/h-x86_64-mingw32/bin/../lib/gcc/nios2-elf/5.2.0/mno-hw-mul\libgcc.a
LOAD ../myCountBinary_bsp/\libhal_bsp.a
LOAD c:/altera/16.0/nios2eds/bin/gnu/h-x86_64-mingw32/bin/../lib/gcc/nios2-elf/5.2.0/../../../../../H-x86_64-mingw32/nios2-elf/lib/mno-hw-mul\libm.a
END GROUP
LOAD c:/altera/16.0/nios2eds/bin/gnu/h-x86_64-mingw32/bin/../lib/gcc/nios2-elf/5.2.0/mno-hw-mul\libgcc.a
                0x0000000000008000                __alt_mem_onchip_mem = 0x8000

.entry          0x0000000000008000       0x20
 *(.entry)
 .entry         0x0000000000008000       0x20 ../myCountBinary_bsp//obj/HAL/src/crt0.o
                0x0000000000008000                __reset
                0x000000000000801c                _exit

.exceptions     0x0000000000008020        0x0
                0x0000000000008020                PROVIDE (__ram_exceptions_start, ABSOLUTE (.))
                0x0000000000008020                . = ALIGN (0x20)
 *(.irq)
 *(.exceptions.entry.label)
 *(.exceptions.entry.user)
 *(.exceptions.entry.ecc_fatal)
 *(.exceptions.entry)
 *(.exceptions.irqtest.user)
 *(.exceptions.irqtest)
 *(.exceptions.irqhandler.user)
 *(.exceptions.irqhandler)
 *(.exceptions.irqreturn.user)
 *(.exceptions.irqreturn)
 *(.exceptions.notirq.label)
 *(.exceptions.notirq.user)
 *(.exceptions.notirq)
 *(.exceptions.soft.user)
 *(.exceptions.soft)
 *(.exceptions.unknown.user)
 *(.exceptions.unknown)
 *(.exceptions.exit.label)
 *(.exceptions.exit.user)
 *(.exceptions.exit)
 *(.exceptions)
                0x0000000000008020                PROVIDE (__ram_exceptions_end, ABSOLUTE (.))
                0x0000000000008020                PROVIDE (__flash_exceptions_start, LOADADDR (.exceptions))

.text           0x0000000000008020      0x420
                [!provide]                        PROVIDE (stext, ABSOLUTE (.))
 *(.interp)
 *(.hash)
 *(.dynsym)
 *(.dynstr)
 *(.gnu.version)
 *(.gnu.version_d)
 *(.gnu.version_r)
 *(.rel.init)
 *(.rela.init)
 *(.rel.text .rel.text.* .rel.gnu.linkonce.t.*)
 *(.rela.text .rela.text.* .rela.gnu.linkonce.t.*)
 *(.rel.fini)
 *(.rela.fini)
 *(.rel.rodata .rel.rodata.* .rel.gnu.linkonce.r.*)
 *(.rela.rodata .rela.rodata.* .rela.gnu.linkonce.r.*)
 *(.rel.data .rel.data.* .rel.gnu.linkonce.d.*)
 *(.rela.data .rela.data.* .rela.gnu.linkonce.d.*)
 *(.rel.tdata .rel.tdata.* .rel.gnu.linkonce.td.*)
 *(.rela.tdata .rela.tdata.* .rela.gnu.linkonce.td.*)
 *(.rel.tbss .rel.tbss.* .rel.gnu.linkonce.tb.*)
 *(.rela.tbss .rela.tbss.* .rela.gnu.linkonce.tb.*)
 *(.rel.ctors)
 *(.rela.ctors)
 *(.rel.dtors)
 *(.rela.dtors)
 *(.rel.got)
 *(.rela.got)
 *(.rel.sdata .rel.sdata.* .rel.gnu.linkonce.s.*)
 *(.rela.sdata .rela.sdata.* .rela.gnu.linkonce.s.*)
 *(.rel.sbss .rel.sbss.* .rel.gnu.linkonce.sb.*)
 *(.rela.sbss .rela.sbss.* .rela.gnu.linkonce.sb.*)
 *(.rel.sdata2 .rel.sdata2.* .rel.gnu.linkonce.s2.*)
 *(.rela.sdata2 .rela.sdata2.* .rela.gnu.linkonce.s2.*)
 *(.rel.sbss2 .rel.sbss2.* .rel.gnu.linkonce.sb2.*)
 *(.rela.sbss2 .rela.sbss2.* .rela.gnu.linkonce.sb2.*)
 *(.rel.bss .rel.bss.* .rel.gnu.linkonce.b.*)
 *(.rela.bss .rela.bss.* .rela.gnu.linkonce.b.*)
 *(.rel.plt)
 *(.rela.plt)
 *(.rel.dyn)
 *(.init)
 *(.plt)
 *(.text .stub .text.* .gnu.linkonce.t.*)
 .text          0x0000000000008020       0x3c ../myCountBinary_bsp//obj/HAL/src/crt0.o
                0x0000000000008020                _start
 .text          0x000000000000805c        0x0 obj/default/hello_world_small.o
 .text.startup  0x000000000000805c       0x34 obj/default/hello_world_small.o
                0x000000000000805c                main
 .text          0x0000000000008090       0xe0 ../myCountBinary_bsp/\libhal_bsp.a(alt_load.o)
                0x0000000000008090                alt_load
 .text          0x0000000000008170       0x2c ../myCountBinary_bsp/\libhal_bsp.a(alt_main.o)
                0x0000000000008170                alt_main
 .text          0x000000000000819c        0x4 ../myCountBinary_bsp/\libhal_bsp.a(alt_usleep.o)
                0x000000000000819c                usleep
 .text          0x00000000000081a0       0x24 ../myCountBinary_bsp/\libhal_bsp.a(alt_sys_init.o)
                0x00000000000081a0                alt_irq_init
                0x00000000000081c0                alt_sys_init
 .text          0x00000000000081c4       0x78 ../myCountBinary_bsp/\libhal_bsp.a(alt_busy_sleep.o)
                0x00000000000081c4                alt_busy_sleep
 .text          0x000000000000823c        0x4 ../myCountBinary_bsp/\libhal_bsp.a(alt_dcache_flush_all.o)
                0x000000000000823c                alt_dcache_flush_all
 .text          0x0000000000008240        0xc ../myCountBinary_bsp/\libhal_bsp.a(alt_icache_flush_all.o)
                0x0000000000008240                alt_icache_flush_all
 .text          0x000000000000824c        0x8 ../myCountBinary_bsp/\libhal_bsp.a(altera_nios2_qsys_irq.o)
                0x000000000000824c                altera_nios2_qsys_irq_init
 .text          0x0000000000008254       0x38 ../myCountBinary_bsp/\libhal_bsp.a(alt_icache_flush.o)
                0x0000000000008254                alt_icache_flush
 .text          0x000000000000828c      0x1b4 c:/altera/16.0/nios2eds/bin/gnu/h-x86_64-mingw32/bin/../lib/gcc/nios2-elf/5.2.0/mno-hw-mul\libgcc.a(lib2-divmod.o)
                0x000000000000828c                __divsi3
                0x0000000000008310                __modsi3
                0x0000000000008384                __udivsi3
                0x00000000000083e8                __umodsi3
 *(.gnu.warning.*)
 *(.fini)
                [!provide]                        PROVIDE (__etext, ABSOLUTE (.))
                [!provide]                        PROVIDE (_etext, ABSOLUTE (.))
                [!provide]                        PROVIDE (etext, ABSOLUTE (.))
 *(.eh_frame_hdr)
                0x0000000000008440                . = ALIGN (0x4)
                [!provide]                        PROVIDE (__preinit_array_start, ABSOLUTE (.))
 *(.preinit_array)
                [!provide]                        PROVIDE (__preinit_array_end, ABSOLUTE (.))
                [!provide]                        PROVIDE (__init_array_start, ABSOLUTE (.))
 *(.init_array)
                [!provide]                        PROVIDE (__init_array_end, ABSOLUTE (.))
                [!provide]                        PROVIDE (__fini_array_start, ABSOLUTE (.))
 *(.fini_array)
                [!provide]                        PROVIDE (__fini_array_end, ABSOLUTE (.))
 *(.eh_frame)
 *(.gcc_except_table .gcc_except_table.*)
 *(.dynamic)
                [!provide]                        PROVIDE (__CTOR_LIST__, ABSOLUTE (.))
 *(.ctors)
 *(SORT(.ctors.*))
                [!provide]                        PROVIDE (__CTOR_END__, ABSOLUTE (.))
                [!provide]                        PROVIDE (__DTOR_LIST__, ABSOLUTE (.))
 *(.dtors)
 *(SORT(.dtors.*))
                [!provide]                        PROVIDE (__DTOR_END__, ABSOLUTE (.))
 *(.jcr)
                0x0000000000008440                . = ALIGN (0x4)

.rodata         0x0000000000008440        0x0
                0x0000000000008440                PROVIDE (__ram_rodata_start, ABSOLUTE (.))
                0x0000000000008440                . = ALIGN (0x4)
 *(.rodata .rodata.* .gnu.linkonce.r.*)
 *(.rodata1)
                0x0000000000008440                . = ALIGN (0x4)
                0x0000000000008440                PROVIDE (__ram_rodata_end, ABSOLUTE (.))
                0x0000000000008440                PROVIDE (__flash_rodata_start, LOADADDR (.rodata))

.rwdata         0x0000000000008440        0x4 load address 0x0000000000008444
                0x0000000000008440                PROVIDE (__ram_rwdata_start, ABSOLUTE (.))
                0x0000000000008440                . = ALIGN (0x4)
 *(.got.plt)
 *(.got)
 *(.data1)
 *(.data .data.* .gnu.linkonce.d.*)
 .data          0x0000000000008440        0x0 ../myCountBinary_bsp//obj/HAL/src/crt0.o
 .data          0x0000000000008440        0x0 obj/default/hello_world_small.o
 .data          0x0000000000008440        0x0 ../myCountBinary_bsp/\libhal_bsp.a(alt_load.o)
 .data          0x0000000000008440        0x0 ../myCountBinary_bsp/\libhal_bsp.a(alt_main.o)
 .data          0x0000000000008440        0x0 ../myCountBinary_bsp/\libhal_bsp.a(alt_usleep.o)
 .data          0x0000000000008440        0x0 ../myCountBinary_bsp/\libhal_bsp.a(alt_sys_init.o)
 .data          0x0000000000008440        0x0 ../myCountBinary_bsp/\libhal_bsp.a(alt_busy_sleep.o)
 .data          0x0000000000008440        0x0 ../myCountBinary_bsp/\libhal_bsp.a(alt_dcache_flush_all.o)
 .data          0x0000000000008440        0x0 ../myCountBinary_bsp/\libhal_bsp.a(alt_icache_flush_all.o)
 .data          0x0000000000008440        0x0 ../myCountBinary_bsp/\libhal_bsp.a(altera_nios2_qsys_irq.o)
 .data          0x0000000000008440        0x0 ../myCountBinary_bsp/\libhal_bsp.a(alt_icache_flush.o)
 .data          0x0000000000008440        0x0 c:/altera/16.0/nios2eds/bin/gnu/h-x86_64-mingw32/bin/../lib/gcc/nios2-elf/5.2.0/mno-hw-mul\libgcc.a(lib2-divmod.o)
                0x0000000000010440                _gp = ABSOLUTE ((. + 0x8000))
                [!provide]                        PROVIDE (gp, _gp)
 *(.rwdata .rwdata.*)
 *(.sdata .sdata.* .gnu.linkonce.s.*)
 .sdata         0x0000000000008440        0x4 ../myCountBinary_bsp/\libhal_bsp.a(alt_sys_init.o)
                0x0000000000008440                jtag_uart
 *(.sdata2 .sdata2.* .gnu.linkonce.s2.*)
                0x0000000000008444                . = ALIGN (0x4)
                0x0000000000008444                _edata = ABSOLUTE (.)
                [!provide]                        PROVIDE (edata, ABSOLUTE (.))
                0x0000000000008444                PROVIDE (__ram_rwdata_end, ABSOLUTE (.))
                0x0000000000008444                PROVIDE (__flash_rwdata_start, LOADADDR (.rwdata))

.bss            0x0000000000008448        0xc
                0x0000000000008448                __bss_start = ABSOLUTE (.)
                [!provide]                        PROVIDE (__sbss_start, ABSOLUTE (.))
                [!provide]                        PROVIDE (___sbss_start, ABSOLUTE (.))
 *(.dynsbss)
 *(.sbss .sbss.* .gnu.linkonce.sb.*)
 .sbss          0x0000000000008448        0xc ../myCountBinary_bsp/\libhal_bsp.a(alt_main.o)
                0x0000000000008448                alt_envp
                0x000000000000844c                alt_argv
                0x0000000000008450                alt_argc
 *(.sbss2 .sbss2.* .gnu.linkonce.sb2.*)
 *(.scommon)
                [!provide]                        PROVIDE (__sbss_end, ABSOLUTE (.))
                [!provide]                        PROVIDE (___sbss_end, ABSOLUTE (.))
 *(.dynbss)
 *(.bss .bss.* .gnu.linkonce.b.*)
 .bss           0x0000000000008454        0x0 ../myCountBinary_bsp//obj/HAL/src/crt0.o
 .bss           0x0000000000008454        0x0 obj/default/hello_world_small.o
 .bss           0x0000000000008454        0x0 ../myCountBinary_bsp/\libhal_bsp.a(alt_load.o)
 .bss           0x0000000000008454        0x0 ../myCountBinary_bsp/\libhal_bsp.a(alt_main.o)
 .bss           0x0000000000008454        0x0 ../myCountBinary_bsp/\libhal_bsp.a(alt_usleep.o)
 .bss           0x0000000000008454        0x0 ../myCountBinary_bsp/\libhal_bsp.a(alt_sys_init.o)
 .bss           0x0000000000008454        0x0 ../myCountBinary_bsp/\libhal_bsp.a(alt_busy_sleep.o)
 .bss           0x0000000000008454        0x0 ../myCountBinary_bsp/\libhal_bsp.a(alt_dcache_flush_all.o)
 .bss           0x0000000000008454        0x0 ../myCountBinary_bsp/\libhal_bsp.a(alt_icache_flush_all.o)
 .bss           0x0000000000008454        0x0 ../myCountBinary_bsp/\libhal_bsp.a(altera_nios2_qsys_irq.o)
 .bss           0x0000000000008454        0x0 ../myCountBinary_bsp/\libhal_bsp.a(alt_icache_flush.o)
 .bss           0x0000000000008454        0x0 c:/altera/16.0/nios2eds/bin/gnu/h-x86_64-mingw32/bin/../lib/gcc/nios2-elf/5.2.0/mno-hw-mul\libgcc.a(lib2-divmod.o)
 *(COMMON)
                0x0000000000008454                . = ALIGN (0x4)
                0x0000000000008454                __bss_end = ABSOLUTE (.)

.onchip_mem     0x0000000000008454        0x0
                [!provide]                        PROVIDE (_alt_partition_onchip_mem_start, ABSOLUTE (.))
 *(.onchip_mem .onchip_mem. onchip_mem.*)
                0x0000000000008454                . = ALIGN (0x4)
                [!provide]                        PROVIDE (_alt_partition_onchip_mem_end, ABSOLUTE (.))
                0x0000000000008454                _end = ABSOLUTE (.)
                0x0000000000008454                end = ABSOLUTE (.)
                0x0000000000008454                __alt_stack_base = ABSOLUTE (.)
                [!provide]                        PROVIDE (_alt_partition_onchip_mem_load_addr, LOADADDR (.onchip_mem))

.stab
 *(.stab)

.stabstr
 *(.stabstr)

.stab.excl
 *(.stab.excl)

.stab.exclstr
 *(.stab.exclstr)

.stab.index
 *(.stab.index)

.stab.indexstr
 *(.stab.indexstr)

.comment        0x0000000000000000       0x23
 *(.comment)
 .comment       0x0000000000000000       0x23 obj/default/hello_world_small.o
                                         0x24 (size before relaxing)
 .comment       0x0000000000000023       0x24 ../myCountBinary_bsp/\libhal_bsp.a(alt_load.o)
 .comment       0x0000000000000023       0x24 ../myCountBinary_bsp/\libhal_bsp.a(alt_main.o)
 .comment       0x0000000000000023       0x24 ../myCountBinary_bsp/\libhal_bsp.a(alt_usleep.o)
 .comment       0x0000000000000023       0x24 ../myCountBinary_bsp/\libhal_bsp.a(alt_sys_init.o)
 .comment       0x0000000000000023       0x24 ../myCountBinary_bsp/\libhal_bsp.a(alt_busy_sleep.o)
 .comment       0x0000000000000023       0x24 ../myCountBinary_bsp/\libhal_bsp.a(alt_dcache_flush_all.o)
 .comment       0x0000000000000023       0x24 ../myCountBinary_bsp/\libhal_bsp.a(alt_icache_flush_all.o)
 .comment       0x0000000000000023       0x24 ../myCountBinary_bsp/\libhal_bsp.a(altera_nios2_qsys_irq.o)
 .comment       0x0000000000000023       0x24 ../myCountBinary_bsp/\libhal_bsp.a(alt_icache_flush.o)
 .comment       0x0000000000000023       0x24 c:/altera/16.0/nios2eds/bin/gnu/h-x86_64-mingw32/bin/../lib/gcc/nios2-elf/5.2.0/mno-hw-mul\libgcc.a(lib2-divmod.o)

.debug
 *(.debug)

.line
 *(.line)

.debug_srcinfo
 *(.debug_srcinfo)

.debug_sfnames
 *(.debug_sfnames)

.debug_aranges  0x0000000000000000      0x188
 *(.debug_aranges)
 .debug_aranges
                0x0000000000000000       0x28 ../myCountBinary_bsp//obj/HAL/src/crt0.o
 .debug_aranges
                0x0000000000000028       0x20 obj/default/hello_world_small.o
 .debug_aranges
                0x0000000000000048       0x20 ../myCountBinary_bsp/\libhal_bsp.a(alt_load.o)
 .debug_aranges
                0x0000000000000068       0x20 ../myCountBinary_bsp/\libhal_bsp.a(alt_main.o)
 .debug_aranges
                0x0000000000000088       0x20 ../myCountBinary_bsp/\libhal_bsp.a(alt_usleep.o)
 .debug_aranges
                0x00000000000000a8       0x20 ../myCountBinary_bsp/\libhal_bsp.a(alt_sys_init.o)
 .debug_aranges
                0x00000000000000c8       0x20 ../myCountBinary_bsp/\libhal_bsp.a(alt_busy_sleep.o)
 .debug_aranges
                0x00000000000000e8       0x20 ../myCountBinary_bsp/\libhal_bsp.a(alt_dcache_flush_all.o)
 .debug_aranges
                0x0000000000000108       0x20 ../myCountBinary_bsp/\libhal_bsp.a(alt_icache_flush_all.o)
 .debug_aranges
                0x0000000000000128       0x20 ../myCountBinary_bsp/\libhal_bsp.a(altera_nios2_qsys_irq.o)
 .debug_aranges
                0x0000000000000148       0x20 ../myCountBinary_bsp/\libhal_bsp.a(alt_icache_flush.o)
 .debug_aranges
                0x0000000000000168       0x20 c:/altera/16.0/nios2eds/bin/gnu/h-x86_64-mingw32/bin/../lib/gcc/nios2-elf/5.2.0/mno-hw-mul\libgcc.a(lib2-divmod.o)

.debug_pubnames
 *(.debug_pubnames)

.debug_info     0x0000000000000000      0xd60
 *(.debug_info .gnu.linkonce.wi.*)
 .debug_info    0x0000000000000000       0x98 ../myCountBinary_bsp//obj/HAL/src/crt0.o
 .debug_info    0x0000000000000098       0xd3 obj/default/hello_world_small.o
 .debug_info    0x000000000000016b      0x1c9 ../myCountBinary_bsp/\libhal_bsp.a(alt_load.o)
 .debug_info    0x0000000000000334      0x169 ../myCountBinary_bsp/\libhal_bsp.a(alt_main.o)
 .debug_info    0x000000000000049d       0xd1 ../myCountBinary_bsp/\libhal_bsp.a(alt_usleep.o)
 .debug_info    0x000000000000056e      0x19d ../myCountBinary_bsp/\libhal_bsp.a(alt_sys_init.o)
 .debug_info    0x000000000000070b       0xd8 ../myCountBinary_bsp/\libhal_bsp.a(alt_busy_sleep.o)
 .debug_info    0x00000000000007e3       0x92 ../myCountBinary_bsp/\libhal_bsp.a(alt_dcache_flush_all.o)
 .debug_info    0x0000000000000875       0xb8 ../myCountBinary_bsp/\libhal_bsp.a(alt_icache_flush_all.o)
 .debug_info    0x000000000000092d       0x92 ../myCountBinary_bsp/\libhal_bsp.a(altera_nios2_qsys_irq.o)
 .debug_info    0x00000000000009bf       0xde ../myCountBinary_bsp/\libhal_bsp.a(alt_icache_flush.o)
 .debug_info    0x0000000000000a9d      0x2c3 c:/altera/16.0/nios2eds/bin/gnu/h-x86_64-mingw32/bin/../lib/gcc/nios2-elf/5.2.0/mno-hw-mul\libgcc.a(lib2-divmod.o)

.debug_abbrev   0x0000000000000000      0x727
 *(.debug_abbrev)
 .debug_abbrev  0x0000000000000000       0x12 ../myCountBinary_bsp//obj/HAL/src/crt0.o
 .debug_abbrev  0x0000000000000012       0x8b obj/default/hello_world_small.o
 .debug_abbrev  0x000000000000009d       0xd8 ../myCountBinary_bsp/\libhal_bsp.a(alt_load.o)
 .debug_abbrev  0x0000000000000175       0xee ../myCountBinary_bsp/\libhal_bsp.a(alt_main.o)
 .debug_abbrev  0x0000000000000263       0x8d ../myCountBinary_bsp/\libhal_bsp.a(alt_usleep.o)
 .debug_abbrev  0x00000000000002f0      0x10e ../myCountBinary_bsp/\libhal_bsp.a(alt_sys_init.o)
 .debug_abbrev  0x00000000000003fe       0x8d ../myCountBinary_bsp/\libhal_bsp.a(alt_busy_sleep.o)
 .debug_abbrev  0x000000000000048b       0x42 ../myCountBinary_bsp/\libhal_bsp.a(alt_dcache_flush_all.o)
 .debug_abbrev  0x00000000000004cd       0x6f ../myCountBinary_bsp/\libhal_bsp.a(alt_icache_flush_all.o)
 .debug_abbrev  0x000000000000053c       0x42 ../myCountBinary_bsp/\libhal_bsp.a(altera_nios2_qsys_irq.o)
 .debug_abbrev  0x000000000000057e       0x9b ../myCountBinary_bsp/\libhal_bsp.a(alt_icache_flush.o)
 .debug_abbrev  0x0000000000000619      0x10e c:/altera/16.0/nios2eds/bin/gnu/h-x86_64-mingw32/bin/../lib/gcc/nios2-elf/5.2.0/mno-hw-mul\libgcc.a(lib2-divmod.o)

.debug_line     0x0000000000000000      0x7cc
 *(.debug_line)
 .debug_line    0x0000000000000000       0x6c ../myCountBinary_bsp//obj/HAL/src/crt0.o
 .debug_line    0x000000000000006c       0xdc obj/default/hello_world_small.o
 .debug_line    0x0000000000000148       0xa5 ../myCountBinary_bsp/\libhal_bsp.a(alt_load.o)
 .debug_line    0x00000000000001ed       0xbd ../myCountBinary_bsp/\libhal_bsp.a(alt_main.o)
 .debug_line    0x00000000000002aa       0xc7 ../myCountBinary_bsp/\libhal_bsp.a(alt_usleep.o)
 .debug_line    0x0000000000000371      0x11a ../myCountBinary_bsp/\libhal_bsp.a(alt_sys_init.o)
 .debug_line    0x000000000000048b       0xb3 ../myCountBinary_bsp/\libhal_bsp.a(alt_busy_sleep.o)
 .debug_line    0x000000000000053e       0x4e ../myCountBinary_bsp/\libhal_bsp.a(alt_dcache_flush_all.o)
 .debug_line    0x000000000000058c       0x6e ../myCountBinary_bsp/\libhal_bsp.a(alt_icache_flush_all.o)
 .debug_line    0x00000000000005fa       0x50 ../myCountBinary_bsp/\libhal_bsp.a(altera_nios2_qsys_irq.o)
 .debug_line    0x000000000000064a       0x7d ../myCountBinary_bsp/\libhal_bsp.a(alt_icache_flush.o)
 .debug_line    0x00000000000006c7      0x105 c:/altera/16.0/nios2eds/bin/gnu/h-x86_64-mingw32/bin/../lib/gcc/nios2-elf/5.2.0/mno-hw-mul\libgcc.a(lib2-divmod.o)

.debug_frame    0x0000000000000000      0x1e4
 *(.debug_frame)
 .debug_frame   0x0000000000000000       0x2c obj/default/hello_world_small.o
 .debug_frame   0x000000000000002c       0x30 ../myCountBinary_bsp/\libhal_bsp.a(alt_load.o)
 .debug_frame   0x000000000000005c       0x2c ../myCountBinary_bsp/\libhal_bsp.a(alt_main.o)
 .debug_frame   0x0000000000000088       0x20 ../myCountBinary_bsp/\libhal_bsp.a(alt_usleep.o)
 .debug_frame   0x00000000000000a8       0x3c ../myCountBinary_bsp/\libhal_bsp.a(alt_sys_init.o)
 .debug_frame   0x00000000000000e4       0x30 ../myCountBinary_bsp/\libhal_bsp.a(alt_busy_sleep.o)
 .debug_frame   0x0000000000000114       0x20 ../myCountBinary_bsp/\libhal_bsp.a(alt_dcache_flush_all.o)
 .debug_frame   0x0000000000000134       0x20 ../myCountBinary_bsp/\libhal_bsp.a(alt_icache_flush_all.o)
 .debug_frame   0x0000000000000154       0x20 ../myCountBinary_bsp/\libhal_bsp.a(altera_nios2_qsys_irq.o)
 .debug_frame   0x0000000000000174       0x20 ../myCountBinary_bsp/\libhal_bsp.a(alt_icache_flush.o)
 .debug_frame   0x0000000000000194       0x50 c:/altera/16.0/nios2eds/bin/gnu/h-x86_64-mingw32/bin/../lib/gcc/nios2-elf/5.2.0/mno-hw-mul\libgcc.a(lib2-divmod.o)

.debug_str      0x0000000000000000      0x6d3
 *(.debug_str)
 .debug_str     0x0000000000000000      0x127 obj/default/hello_world_small.o
                                        0x165 (size before relaxing)
 .debug_str     0x0000000000000127      0x1c7 ../myCountBinary_bsp/\libhal_bsp.a(alt_load.o)
                                        0x265 (size before relaxing)
 .debug_str     0x00000000000002ee       0x8f ../myCountBinary_bsp/\libhal_bsp.a(alt_main.o)
                                        0x1de (size before relaxing)
 .debug_str     0x000000000000037d       0x2f ../myCountBinary_bsp/\libhal_bsp.a(alt_usleep.o)
                                        0x180 (size before relaxing)
 .debug_str     0x00000000000003ac       0xe3 ../myCountBinary_bsp/\libhal_bsp.a(alt_sys_init.o)
                                        0x285 (size before relaxing)
 .debug_str     0x000000000000048f       0x33 ../myCountBinary_bsp/\libhal_bsp.a(alt_busy_sleep.o)
                                        0x194 (size before relaxing)
 .debug_str     0x00000000000004c2       0x1f ../myCountBinary_bsp/\libhal_bsp.a(alt_dcache_flush_all.o)
                                        0x17e (size before relaxing)
 .debug_str     0x00000000000004e1       0x30 ../myCountBinary_bsp/\libhal_bsp.a(alt_icache_flush_all.o)
                                        0x18f (size before relaxing)
 .debug_str     0x0000000000000511       0x20 ../myCountBinary_bsp/\libhal_bsp.a(altera_nios2_qsys_irq.o)
                                        0x185 (size before relaxing)
 .debug_str     0x0000000000000531       0x1b ../myCountBinary_bsp/\libhal_bsp.a(alt_icache_flush.o)
                                        0x184 (size before relaxing)
 .debug_str     0x000000000000054c      0x187 c:/altera/16.0/nios2eds/bin/gnu/h-x86_64-mingw32/bin/../lib/gcc/nios2-elf/5.2.0/mno-hw-mul\libgcc.a(lib2-divmod.o)
                                        0x1d2 (size before relaxing)

.debug_loc      0x0000000000000000      0x5d6
 *(.debug_loc)
 .debug_loc     0x0000000000000000       0x1f obj/default/hello_world_small.o
 .debug_loc     0x000000000000001f       0x21 ../myCountBinary_bsp/\libhal_bsp.a(alt_usleep.o)
 .debug_loc     0x0000000000000040       0x21 ../myCountBinary_bsp/\libhal_bsp.a(alt_sys_init.o)
 .debug_loc     0x0000000000000061       0x75 ../myCountBinary_bsp/\libhal_bsp.a(alt_busy_sleep.o)
 .debug_loc     0x00000000000000d6       0x52 ../myCountBinary_bsp/\libhal_bsp.a(alt_icache_flush.o)
 .debug_loc     0x0000000000000128      0x4ae c:/altera/16.0/nios2eds/bin/gnu/h-x86_64-mingw32/bin/../lib/gcc/nios2-elf/5.2.0/mno-hw-mul\libgcc.a(lib2-divmod.o)

.debug_macinfo
 *(.debug_macinfo)

.debug_weaknames
 *(.debug_weaknames)

.debug_funcnames
 *(.debug_funcnames)

.debug_typenames
 *(.debug_typenames)

.debug_varnames
 *(.debug_varnames)

.debug_alt_sim_info
                0x0000000000000000       0x50
 *(.debug_alt_sim_info)
 .debug_alt_sim_info
                0x0000000000000000       0x20 ../myCountBinary_bsp//obj/HAL/src/crt0.o
 .debug_alt_sim_info
                0x0000000000000020       0x30 ../myCountBinary_bsp/\libhal_bsp.a(alt_busy_sleep.o)
                0x000000000000d000                __alt_data_end = 0xd000
                0x000000000000d000                PROVIDE (__alt_stack_pointer, __alt_data_end)
                [!provide]                        PROVIDE (__alt_stack_limit, __alt_stack_base)
                [!provide]                        PROVIDE (__alt_heap_start, end)
                [!provide]                        PROVIDE (__alt_heap_limit, 0xd000)
OUTPUT(myCountBinary.elf elf32-littlenios2)

.debug_ranges   0x0000000000000000       0xe8
 .debug_ranges  0x0000000000000000       0x20 ../myCountBinary_bsp//obj/HAL/src/crt0.o
 .debug_ranges  0x0000000000000020       0x10 obj/default/hello_world_small.o
 .debug_ranges  0x0000000000000030       0x48 ../myCountBinary_bsp/\libhal_bsp.a(alt_load.o)
 .debug_ranges  0x0000000000000078       0x10 ../myCountBinary_bsp/\libhal_bsp.a(alt_icache_flush.o)
 .debug_ranges  0x0000000000000088       0x60 c:/altera/16.0/nios2eds/bin/gnu/h-x86_64-mingw32/bin/../lib/gcc/nios2-elf/5.2.0/mno-hw-mul\libgcc.a(lib2-divmod.o)
